Archive member included because of file (symbol)

common/libcommon.a(cmd_boot.o)
                              (__u_boot_cmd_reset)
common/libcommon.a(cmd_bootm.o)
                              (__u_boot_cmd_bootm)
common/libcommon.a(cmd_flash.o)
                              (__u_boot_cmd_erase)
common/libcommon.a(cmd_mem.o)
                              (__u_boot_cmd_md)
common/libcommon.a(cmd_mii.o)
                              (__u_boot_cmd_progmac)
common/libcommon.a(cmd_net.o)
                              (__u_boot_cmd_tftpboot)
common/libcommon.a(cmd_nvedit.o)
                              common/libcommon.a(cmd_bootm.o) (getenv)
common/libcommon.a(command.o)
                              (__u_boot_cmd_version)
common/libcommon.a(console.o)
                              common/libcommon.a(cmd_bootm.o) (printf)
common/libcommon.a(devices.o)
                              common/libcommon.a(console.o) (devlist)
common/libcommon.a(dlmalloc.o)
                              common/libcommon.a(cmd_bootm.o) (malloc)
common/libcommon.a(env_common.o)
                              common/libcommon.a(cmd_nvedit.o) (env_get_addr)
common/libcommon.a(env_nowhere.o)
                              common/libcommon.a(env_common.o) (env_relocate_spec)
common/libcommon.a(flash.o)   common/libcommon.a(cmd_mem.o) (addr2info)
common/libcommon.a(hush.o)    common/libcommon.a(cmd_bootm.o) (parse_string_outer)
common/libcommon.a(lists.o)   common/libcommon.a(console.o) (ListGetPtrToItem)
common/libcommon.a(main.o)    common/libcommon.a(cmd_nvedit.o) (do_run)
board/ar7240/db12x/libdb12x.a(ar7240_flash.o)
                              common/libcommon.a(cmd_mii.o) (write_buff)
board/ar7240/db12x/libdb12x.a(flash.o)
                              board/ar7240/db12x/libdb12x.a(ar7240_flash.o) (flash_get_geom)
cpu/mips/libmips.a(cpu.o)     common/libcommon.a(cmd_boot.o) (do_reset)
cpu/mips/libmips.a(interrupts.o)
                              common/libcommon.a(cmd_bootm.o) (enable_interrupts)
cpu/mips/libmips.a(cache.o)   cpu/mips/libmips.a(cpu.o) (dcache_flush_range)
cpu/mips/ar7240/libar7240.a(ar7240_serial.o)
                              common/libcommon.a(console.o) (serial_tstc)
lib_mips/libmips.a(board.o)   common/libcommon.a(dlmalloc.o) (sbrk)
lib_mips/libmips.a(time.o)    common/libcommon.a(cmd_bootm.o) (udelay)
lib_mips/libmips.a(mips_linux.o)
                              common/libcommon.a(cmd_bootm.o) (do_bootm_linux)
drivers/libdrivers.a(pci.o)   lib_mips/libmips.a(board.o) (pci_init)
httpd/libhttpd.a(httpd.o)     common/libcommon.a(cmd_bootm.o) (httpd)
httpd/libhttpd.a(fs.o)        httpd/libhttpd.a(httpd.o) (fs_open)
httpd/libhttpd.a(cgi.o)       httpd/libhttpd.a(httpd.o) (upgrade_cgi)
httpd/libhttpd.a(uip.o)       httpd/libhttpd.a(httpd.o) (uip_init)
httpd/libhttpd.a(uip_arch.o)  httpd/libhttpd.a(uip.o) (uip_add32)
httpd/libhttpd.a(uip_arp.o)   httpd/libhttpd.a(httpd.o) (uip_arp_timer)
net/libnet.a(net.o)           common/libcommon.a(cmd_net.o) (copy_filename)
net/libnet.a(tftp.o)          net/libnet.a(net.o) (TftpStart)
net/libnet.a(eth.o)           net/libnet.a(net.o) (eth_get_dev)
rtc/librtc.a(date.o)          common/libcommon.a(cmd_bootm.o) (to_tm)
lib_generic/libgeneric.a(crc32.o)
                              common/libcommon.a(cmd_bootm.o) (crc32)
lib_generic/libgeneric.a(ctype.o)
                              common/libcommon.a(hush.o) (_ctype)
lib_generic/libgeneric.a(display_options.o)
                              common/libcommon.a(cmd_bootm.o) (print_size)
lib_generic/libgeneric.a(string.o)
                              common/libcommon.a(hush.o) (strcat)
lib_generic/libgeneric.a(vsprintf.o)
                              common/libcommon.a(cmd_bootm.o) (simple_strtoul)
lib_generic/libgeneric.a(LzmaWrapper.o)
                              common/libcommon.a(cmd_bootm.o) (lzma_inflate)
lib_generic/libgeneric.a(LzmaDecode.o)
                              lib_generic/libgeneric.a(LzmaWrapper.o) (LzmaDecode)
common/libcommon.a(exports.o)
                              lib_mips/libmips.a(board.o) (jumptable_init)
common/libcommon.a(miiphyutil.o)
                              net/libnet.a(eth.o) (miiphy_init)
board/ar7240/db12x/libdb12x.a(db12x.o)
                              lib_mips/libmips.a(board.o) (checkboard)
board/ar7240/db12x/libdb12x.a(ar7240_pci.o)
                              drivers/libdrivers.a(pci.o) (pci_init_board)
cpu/mips/ar7240/libar7240.a(meminit.o)
                              board/ar7240/db12x/libdb12x.a(db12x.o) (ar7240_ddr_find_size)
cpu/mips/ar7240/libar7240.a(ag934x.o)
                              net/libnet.a(eth.o) (ag7240_enet_initialize)
board/ar7240/db12x/libdb12x.a(athrs17_phy.o)
                              cpu/mips/ar7240/libar7240.a(ag934x.o) (athrs17_phy_is_up)

Allocating common symbols
Common symbol       size              file

dp_last_size        0x4               common/libcommon.a(cmd_mem.o)
console_buffer      0x200             common/libcommon.a(main.o)
[...]
Memory Configuration

Name             Origin             Length             Attributes
*default*        0x0000000000000000 0xffffffffffffffff

Linker script and memory map

                0x0000000000000000                . = 0x0
                0x0000000000000000                . = ALIGN (0x4)

.text           0x0000000080010000    0x18e40
 *(.text)
 .text          0x0000000080010000      0x340 cpu/mips/start.o
                0x0000000080010030                relocate_code
                0x0000000080010000                _start
                0x00000000800100ec                ath_ddr_tap_cal
 .text          0x0000000080010340        0x0 common/libcommon.a(cmd_boot.o)
 .text          0x0000000080010340      0xbc0 common/libcommon.a(cmd_bootm.o)
                0x0000000080010340                print_image_hdr
                0x0000000080010748                do_bootd
                0x0000000080010798                backup_mode_handle
                0x00000000800107dc                do_bootm
 .text          0x0000000080010f00      0x6a0 common/libcommon.a(cmd_flash.o)
                0x0000000080010f00                flash_sect_erase
                0x0000000080011130                do_flerase
 .text          0x00000000800115a0      0xaf0 common/libcommon.a(cmd_mem.o)
                0x00000000800119e4                do_mem_mw
                0x0000000080011d44                do_mem_nm
                0x0000000080011d8c                do_mem_mm
                0x0000000080011830                do_mem_cp
                0x00000000800115a0                do_mem_mtest
                0x0000000080011784                cmd_get_data_size
                0x0000000080011dd4                do_mem_md
 .text          0x0000000080012090      0x140 common/libcommon.a(cmd_mii.o)
                0x0000000080012090                do_mac
 .text          0x00000000800121d0      0x480 common/libcommon.a(cmd_net.o)
                0x00000000800121d0                do_ping
                0x000000008001229c                do_tftpb
 .text          0x0000000080012650      0xd90 common/libcommon.a(cmd_nvedit.o)
                0x0000000080012848                getenv
                0x0000000080012940                _do_setenv
                0x000000008001270c                getenv_r
                0x000000008001316c                do_printenv
                0x0000000080013118                setenv
                0x00000000800130b0                do_setenv
 .text          0x00000000800133e0      0x3c0 common/libcommon.a(command.o)
                0x00000000800133e0                find_cmd
                0x00000000800134e0                do_help
                0x000000008001375c                do_version
 .text          0x00000000800137a0      0x8c0 common/libcommon.a(console.o)
                0x0000000080013c64                console_init_r
                0x0000000080013bf8                printf
                0x00000000800139d8                console_assign
                0x0000000080013fa4                getc
                0x0000000080013b6c                puts
                0x00000000800139b8                dbg
                0x0000000080013ed0                serial_printf
                0x00000000800138bc                ftstc
                0x0000000080013af8                fprintf
                0x0000000080013f74                tstc
                0x0000000080013ba0                vprintf
                0x0000000080013fd4                ctrlc
                0x0000000080013f3c                putc
                0x000000008001396c                disable_ctrlc
                0x0000000080013880                fgetc
                0x0000000080013988                had_ctrlc
                0x00000000800138f8                fputc
                0x00000000800139c8                console_init_f
                0x00000000800139a0                clear_ctrlc
                0x0000000080013934                fputs
 .text          0x0000000080014060      0x190 common/libcommon.a(devices.o)
                0x000000008001409c                device_register
                0x0000000080014060                devices_done
                0x00000000800140e0                devices_init
 .text          0x00000000800141f0     0x13a0 common/libcommon.a(dlmalloc.o)
                0x00000000800146a8                malloc
                0x0000000080014f04                pvalloc
                0x0000000080014f44                calloc
                0x0000000080014234                malloc_usable_size
                0x0000000080015050                realloc
                0x0000000080014320                malloc_trim
                0x00000000800141f0                malloc_bin_reloc
                0x000000008001428c                mallopt
                0x0000000080014d80                memalign
                0x0000000080014690                cfree
                0x0000000080014f28                valloc
                0x0000000080014440                free
 .text          0x0000000080015590      0x1d0 common/libcommon.a(env_common.o)
                0x00000000800155c4                env_get_addr
                0x0000000080015670                env_relocate
                0x0000000080015620                env_crc_update
                0x0000000080015590                env_get_char_memory
 .text          0x0000000080015760       0x40 common/libcommon.a(env_nowhere.o)
                0x0000000080015760                env_relocate_spec
                0x0000000080015768                env_get_char_spec
                0x0000000080015778                env_init
 .text          0x00000000800157a0      0x4e0 common/libcommon.a(flash.o)
                0x0000000080015ae8                flash_write
                0x0000000080015924                flash_protect
                0x00000000800157a0                addr2info
                0x00000000800157f0                flash_perror
 .text          0x0000000080015c80     0x2790 common/libcommon.a(hush.o)
                0x00000000800160c4                new_pipe
                0x0000000080015d04                mapset
                0x0000000080017824                parse_string_outer
                0x0000000080016f3c                update_ifs_map
                0x00000000800177c0                parse_file_outer
                0x0000000080015c80                simple_itoa
                0x0000000080016478                reserved_word
                0x0000000080015d38                u_boot_hush_start
 .text          0x0000000080018410      0x570 common/libcommon.a(lists.o)
                0x00000000800187dc                DisposeHandle
                0x0000000080018838                ListDispose
                0x0000000080018594                ListInsertItems
                0x0000000080018418                ListSetAllocationPolicy
                0x0000000080018470                ListGetItemSize
                0x0000000080018464                ListGetDataPtr
                0x0000000080018850                NewHandle
                0x00000000800184e0                SetHandleSize
                0x00000000800187c4                ListInsertItem
                0x0000000080018410                GetHandleSize
                0x000000008001847c                ListNumItems
                0x0000000080018428                ListGetPtrToItem
                0x00000000800188fc                ListCreate
                0x0000000080018488                ListGetItems
 .text          0x0000000080018980      0xc60 common/libcommon.a(main.o)
                0x0000000080018a4c                run_command
                0x0000000080018980                do_run
                0x0000000080019104                readline
                0x00000000800193bc                main_loop
 .text          0x00000000800195e0      0x7a0 board/ar7240/db12x/libdb12x.a(ar7240_flash.o)
                0x0000000080019b48                flash_erase
                0x0000000080019c54                flash_init
                0x0000000080019a7c                flash_erase_t
                0x0000000080019c38                flash_print_info
                0x0000000080019814                write_buff
 .text          0x0000000080019d80       0xa0 board/ar7240/db12x/libdb12x.a(flash.o)
                0x0000000080019d80                flash_get_geom
 .text          0x0000000080019e20       0xc0 cpu/mips/libmips.a(cpu.o)
                0x0000000080019eac                flush_cache
                0x0000000080019e20                do_reset
                0x0000000080019e74                write_one_tlb
 .text          0x0000000080019ee0       0x10 cpu/mips/libmips.a(interrupts.o)
                0x0000000080019ee8                disable_interrupts
                0x0000000080019ee0                enable_interrupts
 .text          0x0000000080019ef0      0x3a0 cpu/mips/libmips.a(cache.o)
                0x000000008001a170                dcache_flush_range
                0x0000000080019f44                mips_cache_reset
                0x000000008001a114                mips_cache_lock
                0x0000000080019ef0                simple_mips_cache_reset
                0x000000008001a1f8                mips_icache_flush_ix
                0x000000008001a234                mips_cache_lock_24k
                0x000000008001a198                mips_cache_flush
                0x000000008001a0e8                dcache_status
                0x000000008001a0f8                dcache_disable
 .text          0x000000008001a290      0x200 cpu/mips/ar7240/libar7240.a(ar7240_serial.o)
                0x000000008001a428                serial_setbrg
                0x000000008001a364                serial_tstc
                0x000000008001a3bc                serial_putc
                0x000000008001a290                ar7240_sys_frequency
                0x000000008001a2fc                serial_init
                0x000000008001a430                serial_puts
                0x000000008001a378                serial_getc
 .text          0x000000008001a490      0x910 lib_mips/libmips.a(board.o)
                0x000000008001a4e4                ath_gpio_config_input
                0x000000008001a7f4                hang
                0x000000008001a824                board_init_r
                0x000000008001a490                sbrk
                0x000000008001ab24                board_init_f
                0x000000008001a558                ath_gpio_config_output
                0x000000008001a5d0                ath_gpio_out_val
                0x000000008001a700                init_gpio
                0x000000008001a620                init_ar7240_gpio
 .text          0x000000008001ada0       0xb0 lib_mips/libmips.a(time.o)
                0x000000008001add0                set_timer
                0x000000008001adb4                reset_timer
                0x000000008001ae44                get_tbclk
                0x000000008001adc4                get_timer
                0x000000008001ada0                timer_init
                0x000000008001addc                udelay
                0x000000008001ae38                get_ticks
 .text          0x000000008001ae50      0xa10 lib_mips/libmips.a(mips_linux.o)
                0x000000008001af94                do_bootm_linux
                0x000000008001ae50                wasp_set_cca
 .text          0x000000008001b860      0xfa0 drivers/libdrivers.a(pci.o)
                0x000000008001c0ac                pci_cfgfunc_config_device
                0x000000008001bc24                pci_hose_scan_bus
                0x000000008001c1c8                pci_hose_phys_to_bus
                0x000000008001bc04                pci_cfgfunc_do_nothing
                0x000000008001b878                pci_hose_read_config_dword
                0x000000008001b8a8                pci_hose_read_config_byte_via_dword
                0x000000008001be3c                pci_hose_config_device
                0x000000008001bb50                pci_find_config
                0x000000008001b890                pci_hose_write_config_word
                0x000000008001c4ac                pci_read_config_dword
                0x000000008001c0f0                pci_hose_bus_to_phys
                0x000000008001b98c                pci_hose_write_config_byte_via_dword
                0x000000008001b918                pci_hose_read_config_word_via_dword
                0x000000008001bc0c                pci_init
                0x000000008001c53c                pci_read_config_word
                0x000000008001be24                pci_hose_scan
                0x000000008001c7d0                pci_find_device
                0x000000008001ba54                pci_hose_write_config_word_via_dword
                0x000000008001c664                pci_find_devices
                0x000000008001bb1c                pci_register_hose
                0x000000008001c290                pci_bus_to_hose
                0x000000008001c420                pci_write_config_byte
                0x000000008001b89c                pci_hose_write_config_dword
                0x000000008001b86c                pci_hose_read_config_word
                0x000000008001c5d0                pci_read_config_byte
                0x000000008001b884                pci_hose_write_config_byte
                0x000000008001c394                pci_write_config_word
                0x000000008001c308                pci_write_config_dword
                0x000000008001b860                pci_hose_read_config_byte
 .text          0x000000008001c800      0xd00 httpd/libhttpd.a(httpd.o)
                0x000000008001d054                httpd
                0x000000008001c800                set_led
                0x000000008001d018                httpd_init
                0x000000008001cac4                httpd_appcall
                0x000000008001c8d0                led_dark
                0x000000008001c854                led_blinking
 .text          0x000000008001d500      0x230 httpd/libhttpd.a(fs.o)
                0x000000008001d500                fs_open
                0x000000008001d648                fs_init
                0x000000008001d5b4                fs_count
 .text          0x000000008001d730      0xcd0 httpd/libhttpd.a(cgi.o)
                0x000000008001d730                get_request_line
                0x000000008001d7f0                upgrade_cgi
                0x000000008001e370                upgrade_firmware
 .text          0x000000008001e400     0x1180 httpd/libhttpd.a(uip.o)
                0x000000008001e478                uip_unlisten
                0x000000008001e5a8                uip_process
                0x000000008001e4d4                uip_listen
                0x000000008001e530                htons
                0x000000008001e400                uip_init
 .text          0x000000008001f580      0x370 httpd/libhttpd.a(uip_arch.o)
                0x000000008001f580                uip_add32
                0x000000008001f740                uip_ipchksum
                0x000000008001f760                uip_tcpchksum
                0x000000008001f674                uip_chksum
 .text          0x000000008001f8f0      0x780 httpd/libhttpd.a(uip_arp.o)
                0x000000008001fa54                uip_arp_out
                0x000000008001fef0                uip_arp_arpin
                0x000000008001f8f0                uip_arp_timer
                0x000000008001f9c8                uip_arp_init
                0x000000008001fe74                uip_arp_ipin
 .text          0x0000000080020070     0x19c0 net/libnet.a(net.o)
                0x00000000800202f8                getenv_IPaddr
                0x00000000800200e4                NetCksumOk
                0x0000000080020f14                NetSetTimeout
                0x000000008002015c                copy_filename
                0x0000000080020124                NetEthHdrSize
                0x0000000080020390                ip_to_string
                0x0000000080021308                ArpTimeoutCheck
                0x0000000080020800                NetReceive
                0x000000008002023c                string_to_ip
                0x0000000080020f78                NetSendUDPPacket
                0x00000000800203e8                print_IPaddr
                0x0000000080020568                NetSetEther
                0x00000000800213c4                NetLoop
                0x0000000080020690                ArpRequest
                0x0000000080020334                VLAN_to_string
                0x0000000080020200                getenv_VLAN
                0x00000000800200ac                NetCksum
                0x0000000080020438                NetSetIP
                0x00000000800201a4                string_to_VLAN
                0x0000000080021198                NetStartAgain
                0x0000000080020094                NetSetHandler
                0x0000000080020d50                PingSend
                0x0000000080020678                NetSendPacket
 .text          0x0000000080021a30      0x880 net/libnet.a(tftp.o)
                0x0000000080021c3c                TftpStart
 .text          0x00000000800222b0      0x940 net/libnet.a(eth.o)
                0x00000000800222c8                eth_get_dev_by_name
                0x0000000080022384                eth_halt
                0x0000000080022624                eth_register
                0x00000000800222b0                eth_get_dev
                0x0000000080022538                eth_try_another
                0x00000000800227f8                eth_set_enetaddr
                0x0000000080022948                eth_initialize
                0x0000000080022468                eth_set_current
                0x0000000080022410                eth_rx
                0x0000000080022330                eth_get_dev_index
                0x0000000080022714                eth_init
                0x000000008002243c                eth_get_name
                0x00000000800223dc                eth_send
 .text          0x0000000080022bf0      0x2c0 rtc/librtc.a(date.o)
                0x0000000080022bf0                GregorianDay
                0x0000000080022df8                mktime
                0x0000000080022d0c                to_tm
 .text          0x0000000080022eb0      0x190 lib_generic/libgeneric.a(crc32.o)
                0x0000000080022eb0                crc32
 .text          0x0000000080023040        0x0 lib_generic/libgeneric.a(ctype.o)
 .text          0x0000000080023040      0x130 lib_generic/libgeneric.a(display_options.o)
                0x0000000080023124                display_options
                0x0000000080023040                print_size
 .text          0x0000000080023170      0x620 lib_generic/libgeneric.a(string.o)
                0x0000000080023590                memmove
                0x0000000080023564                memcpy
                0x00000000800234f0                strswab
                0x0000000080023334                strnlen
                0x00000000800232c0                strrchr
                0x00000000800231f8                strcat
                0x00000000800236e8                memchr
                0x000000008002362c                strstr
                0x00000000800233d0                strtok
                0x00000000800235f4                memcmp
                0x0000000080023224                strncat
                0x0000000080023714                strdup
                0x0000000080023540                memset
                0x000000008002348c                strsep
                0x0000000080023170                strnicmp
                0x000000008002335c                strspn
                0x00000000800232a8                strlen
                0x0000000080023278                strchr
                0x0000000080023398                strpbrk
 .text          0x0000000080023790      0x8f0 lib_generic/libgeneric.a(vsprintf.o)
                0x0000000080023b7c                vsprintf
                0x0000000080023860                simple_strtol
                0x0000000080023af4                panic
                0x000000008002403c                sprintf
                0x0000000080023790                simple_strtoul
 .text          0x0000000080024080      0x2c0 lib_generic/libgeneric.a(LzmaWrapper.o)
                0x0000000080024080                lzma_inflate
 .text          0x0000000080024340      0xcf0 lib_generic/libgeneric.a(LzmaDecode.o)
                0x0000000080024f5c                LzmaDecodeProperties
                0x0000000080024340                LzmaDecode
 .text          0x0000000080025030       0xc0 common/libcommon.a(exports.o)
                0x0000000080025040                jumptable_init
                0x0000000080025038                get_version
 .text          0x00000000800250f0      0x9d0 common/libcommon.a(miiphyutil.o)
                0x0000000080025510                miiphy_speed
                0x0000000080025728                miiphy_info
                0x00000000800255ec                miiphy_reset
                0x0000000080025874                miiphy_set_current_dev
                0x0000000080025140                miiphy_listdev
                0x00000000800252d0                miiphy_read
                0x0000000080025118                miiphy_get_current_dev
                0x0000000080025434                miiphy_duplex
                0x000000008002520c                miiphy_write
                0x0000000080025914                miiphy_register
                0x00000000800250f0                miiphy_init
                0x0000000080025390                miiphy_link
 .text          0x0000000080025ac0      0x350 board/ar7240/db12x/libdb12x.a(db12x.o)
                0x0000000080025bfc                wasp_usb_initial_config
                0x0000000080025d4c                wasp_mem_config
                0x0000000080025bcc                checkboard
                0x0000000080025b48                ath_set_tuning_caps
                0x0000000080025ac0                wasp_gpio_config
                0x0000000080025df0                initdram
 .text          0x0000000080025e10      0x400 board/ar7240/db12x/libdb12x.a(ar7240_pci.o)
                0x0000000080025f94                pci_init_board
                0x0000000080025e10                plat_dev_init
 .text          0x0000000080026210      0x590 cpu/mips/ar7240/libar7240.a(meminit.o)
                0x0000000080026284                wasp_ddr_initial_config
                0x0000000080026240                ar7240_ddr_find_size
                0x0000000080026210                ar7240_ddr_tap_set
 .text          0x00000000800267a0     0x1cd0 cpu/mips/ar7240/libar7240.a(ag934x.o)
                0x0000000080027600                ag7240_mii_setup
                0x0000000080027ab8                ag7240_enet_initialize
                0x00000000800267ec                ag7240_miiphy_write
                0x00000000800269f4                ag7240_miiphy_read
                0x0000000080026d10                ag7240_mac_addr_loc
 .text          0x0000000080028470      0x9d0 board/ar7240/db12x/libdb12x.a(athrs17_phy.o)
                0x0000000080028470                athrs17_reg_write
                0x00000000800288f4                athrs17_phy_setup
                0x0000000080028520                athrs17_reg_read
                0x00000000800287c8                athrs17_phy_is_fdx
                0x0000000080028b38                athrs17_phy_speed
                0x00000000800285c8                athrs17_phy_is_up
                0x0000000080028748                athrs17_phy_is_link_alive
                0x0000000080028c94                athrs17_reg_init
                0x0000000080028e40                . = ALIGN (0x4)

.rodata         0x0000000080028e40     0x1140
 *(.rodata)
 .rodata        0x0000000080028e40       0xb0 common/libcommon.a(cmd_bootm.o)
 .rodata        0x0000000080028ef0       0x20 common/libcommon.a(hush.o)
 .rodata        0x0000000080028f10       0x30 lib_mips/libmips.a(board.o)
                0x0000000080028f10                version_string
 .rodata        0x0000000080028f40      0xb30 httpd/libhttpd.a(fs.o)
 .rodata        0x0000000080029a70       0x40 httpd/libhttpd.a(uip.o)
 .rodata        0x0000000080029ab0       0x10 net/libnet.a(net.o)
 .rodata        0x0000000080029ac0       0x20 net/libnet.a(tftp.o)
 .rodata        0x0000000080029ae0       0x30 rtc/librtc.a(date.o)
 .rodata        0x0000000080029b10      0x400 lib_generic/libgeneric.a(crc32.o)
 .rodata        0x0000000080029f10       0x50 cpu/mips/ar7240/libar7240.a(ag934x.o)
 .rodata        0x0000000080029f60       0x20 board/ar7240/db12x/libdb12x.a(athrs17_phy.o)

.reginfo        0x0000000080029f80       0x18
 .reginfo       0x0000000080029f80       0x18 cpu/mips/start.o

.rodata.str1.4  0x0000000080029f98     0x2cd0
 .rodata.str1.4
                0x0000000080029f98       0x2c common/libcommon.a(cmd_boot.o)
 .rodata.str1.4
                0x0000000080029fc4      0x669 common/libcommon.a(cmd_bootm.o)
                                        0x67c (size before relaxing)
 *fill*         0x000000008002a62d        0x3 00
 .rodata.str1.4
                0x000000008002a630      0x37e common/libcommon.a(cmd_flash.o)
                                        0x380 (size before relaxing)
 *fill*         0x000000008002a9ae        0x2 00
 .rodata.str1.4
                0x000000008002a9b0      0x320 common/libcommon.a(cmd_mem.o)
                                        0x330 (size before relaxing)
 .rodata.str1.4
                0x000000008002acd0       0xda common/libcommon.a(cmd_mii.o)
                                         0xdc (size before relaxing)
 *fill*         0x000000008002adaa        0x2 00
 .rodata.str1.4
                0x000000008002adac      0x171 common/libcommon.a(cmd_net.o)
                                        0x18c (size before relaxing)
 *fill*         0x000000008002af1d        0x3 00
 .rodata.str1.4
                0x000000008002af20      0x317 common/libcommon.a(cmd_nvedit.o)
                                        0x340 (size before relaxing)
 *fill*         0x000000008002b237        0x1 00
 .rodata.str1.4
                0x000000008002b238      0x21c common/libcommon.a(command.o)
 .rodata.str1.4
                0x000000008002b454       0x75 common/libcommon.a(console.o)
                                         0x7c (size before relaxing)
 *fill*         0x000000008002b4c9        0x3 00
 .rodata.str1.4
                0x000000008002b4cc       0x2f common/libcommon.a(devices.o)
                                         0x48 (size before relaxing)
 *fill*         0x000000008002b4fb        0x1 00
 .rodata.str1.4
                0x000000008002b4fc       0x1c common/libcommon.a(env_common.o)
 .rodata.str1.4
                0x000000008002b518      0x177 common/libcommon.a(flash.o)
                                        0x178 (size before relaxing)
 *fill*         0x000000008002b68f        0x1 00
 .rodata.str1.4
                0x000000008002b690      0x1d9 common/libcommon.a(hush.o)
                                        0x1f4 (size before relaxing)
 *fill*         0x000000008002b869        0x3 00
 .rodata.str1.4
                0x000000008002b86c       0xd2 common/libcommon.a(main.o)
                                        0x144 (size before relaxing)
 *fill*         0x000000008002b93e        0x2 00
 .rodata.str1.4
                0x000000008002b940       0x85 board/ar7240/db12x/libdb12x.a(ar7240_flash.o)
                                         0x8c (size before relaxing)
 *fill*         0x000000008002b9c5        0x3 00
 .rodata.str1.4
                0x000000008002b9c8       0x24 board/ar7240/db12x/libdb12x.a(flash.o)
 .rodata.str1.4
                0x000000008002b9ec      0x199 lib_mips/libmips.a(board.o)
                                        0x1d4 (size before relaxing)
 *fill*         0x000000008002bb85        0x3 00
 .rodata.str1.4
                0x000000008002bb88      0x263 lib_mips/libmips.a(mips_linux.o)
                                        0x2b4 (size before relaxing)
 *fill*         0x000000008002bdeb        0x1 00
 .rodata.str1.4
                0x000000008002bdec       0xe2 drivers/libdrivers.a(pci.o)
                                         0xe4 (size before relaxing)
 *fill*         0x000000008002bece        0x2 00
 .rodata.str1.4
                0x000000008002bed0       0x8a httpd/libhttpd.a(httpd.o)
                                         0x8c (size before relaxing)
 *fill*         0x000000008002bf5a        0x2 00
 .rodata.str1.4
                0x000000008002bf5c        0xd httpd/libhttpd.a(fs.o)
                                         0x24 (size before relaxing)
 *fill*         0x000000008002bf69        0x3 00
 .rodata.str1.4
                0x000000008002bf6c      0x215 httpd/libhttpd.a(cgi.o)
                                        0x21c (size before relaxing)
 *fill*         0x000000008002c181        0x3 00
 .rodata.str1.4
                0x000000008002c184       0x14 httpd/libhttpd.a(uip_arp.o)
 .rodata.str1.4
                0x000000008002c198      0x21d net/libnet.a(net.o)
                                        0x254 (size before relaxing)
 *fill*         0x000000008002c3b5        0x3 00
 .rodata.str1.4
                0x000000008002c3b8      0x1c9 net/libnet.a(tftp.o)
                                        0x1e8 (size before relaxing)
 *fill*         0x000000008002c581        0x3 00
 .rodata.str1.4
                0x000000008002c584       0xd2 net/libnet.a(eth.o)
                                         0xe8 (size before relaxing)
 *fill*         0x000000008002c656        0x2 00
 .rodata.str1.4
                0x000000008002c658       0x17 lib_generic/libgeneric.a(display_options.o)
                                         0x20 (size before relaxing)
 *fill*         0x000000008002c66f        0x1 00
 .rodata.str1.4
                0x000000008002c670       0x57 lib_generic/libgeneric.a(vsprintf.o)
                                         0x58 (size before relaxing)
 *fill*         0x000000008002c6c7        0x1 00
 .rodata.str1.4
                0x000000008002c6c8       0x9c lib_generic/libgeneric.a(LzmaWrapper.o)
                                         0xa0 (size before relaxing)
 .rodata.str1.4
                0x000000008002c764       0x2f lib_generic/libgeneric.a(LzmaDecode.o)
                                         0x30 (size before relaxing)
 *fill*         0x000000008002c793        0x1 00
 .rodata.str1.4
                0x000000008002c794      0x262 common/libcommon.a(miiphyutil.o)
                                        0x268 (size before relaxing)
 *fill*         0x000000008002c9f6        0x2 00
 .rodata.str1.4
                0x000000008002c9f8        0xe board/ar7240/db12x/libdb12x.a(db12x.o)
                                         0x10 (size before relaxing)
 *fill*         0x000000008002ca06        0x2 00
 .rodata.str1.4
                0x000000008002ca08      0x23b cpu/mips/ar7240/libar7240.a(ag934x.o)
                                        0x244 (size before relaxing)
 *fill*         0x000000008002cc43        0x1 00
 .rodata.str1.4
                0x000000008002cc44       0x24 board/ar7240/db12x/libdb12x.a(athrs17_phy.o)
                                         0x34 (size before relaxing)

.rel.dyn        0x000000008002cc68        0x0
 .rel.dyn       0x0000000000000000        0x0 cpu/mips/start.o
                0x000000008002cc68                . = ALIGN (0x4)

.data           0x000000008002cc70      0x5f0
 *(.data)
 .data          0x000000008002cc70        0x0 cpu/mips/start.o
 .data          0x000000008002cc70        0x0 common/libcommon.a(cmd_boot.o)
 .data          0x000000008002cc70       0x10 common/libcommon.a(cmd_bootm.o)
                0x000000008002cc70                load_addr
 .data          0x000000008002cc80        0x0 common/libcommon.a(cmd_flash.o)
 .data          0x000000008002cc80       0x10 common/libcommon.a(cmd_mem.o)
                0x000000008002cc80                dp_last_length
 .data          0x000000008002cc90        0x0 common/libcommon.a(cmd_mii.o)
 .data          0x000000008002cc90        0x0 common/libcommon.a(cmd_net.o)
 .data          0x000000008002cc90        0x0 common/libcommon.a(cmd_nvedit.o)
 .data          0x000000008002cc90        0x0 common/libcommon.a(command.o)
 .data          0x000000008002cc90        0x0 common/libcommon.a(console.o)
 .data          0x000000008002cc90        0x0 common/libcommon.a(devices.o)
 .data          0x000000008002cc90       0x10 common/libcommon.a(dlmalloc.o)
 .data          0x000000008002cca0      0x290 common/libcommon.a(env_common.o)
                0x000000008002cca0                default_environment
 .data          0x000000008002cf30        0x0 common/libcommon.a(env_nowhere.o)
 .data          0x000000008002cf30        0x0 common/libcommon.a(flash.o)
 .data          0x000000008002cf30        0x0 common/libcommon.a(hush.o)
 .data          0x000000008002cf30        0x0 common/libcommon.a(lists.o)
 .data          0x000000008002cf30       0x10 common/libcommon.a(main.o)
 .data          0x000000008002cf40        0x0 board/ar7240/db12x/libdb12x.a(ar7240_flash.o)
 .data          0x000000008002cf40        0x0 board/ar7240/db12x/libdb12x.a(flash.o)
 .data          0x000000008002cf40        0x0 cpu/mips/libmips.a(cpu.o)
 .data          0x000000008002cf40        0x0 cpu/mips/libmips.a(interrupts.o)
 .data          0x000000008002cf40        0x0 cpu/mips/libmips.a(cache.o)
 .data          0x000000008002cf40        0x0 cpu/mips/ar7240/libar7240.a(ar7240_serial.o)
 .data          0x000000008002cf40        0x0 lib_mips/libmips.a(board.o)
 .data          0x000000008002cf40        0x0 lib_mips/libmips.a(time.o)
 .data          0x000000008002cf40        0x0 lib_mips/libmips.a(mips_linux.o)
 .data          0x000000008002cf40        0x0 drivers/libdrivers.a(pci.o)
 .data          0x000000008002cf40        0x0 httpd/libhttpd.a(httpd.o)
 .data          0x000000008002cf40      0x100 httpd/libhttpd.a(fs.o)
                0x000000008002cf40                data_version_html
 .data          0x000000008002d040       0x10 httpd/libhttpd.a(cgi.o)
                0x000000008002d040                flash_base
 .data          0x000000008002d050        0x0 httpd/libhttpd.a(uip.o)
 .data          0x000000008002d050        0x0 httpd/libhttpd.a(uip_arch.o)
 .data          0x000000008002d050       0x10 httpd/libhttpd.a(uip_arp.o)
                0x000000008002d050                uip_ethaddr
 .data          0x000000008002d060       0x10 net/libnet.a(net.o)
                0x000000008002d060                NetBcastAddr
                0x000000008002d068                NetOurNativeVLAN
                0x000000008002d066                NetOurVLAN
 .data          0x000000008002d070        0x0 net/libnet.a(tftp.o)
 .data          0x000000008002d070        0x0 net/libnet.a(eth.o)
 .data          0x000000008002d070       0x30 rtc/librtc.a(date.o)
 .data          0x000000008002d0a0        0x0 lib_generic/libgeneric.a(crc32.o)
 .data          0x000000008002d0a0      0x100 lib_generic/libgeneric.a(ctype.o)
                0x000000008002d0a0                _ctype
 .data          0x000000008002d1a0        0x0 lib_generic/libgeneric.a(display_options.o)
 .data          0x000000008002d1a0        0x0 lib_generic/libgeneric.a(string.o)
 .data          0x000000008002d1a0        0x0 lib_generic/libgeneric.a(vsprintf.o)
 .data          0x000000008002d1a0        0x0 lib_generic/libgeneric.a(LzmaWrapper.o)
 .data          0x000000008002d1a0        0x0 lib_generic/libgeneric.a(LzmaDecode.o)
 .data          0x000000008002d1a0        0x0 common/libcommon.a(exports.o)
 .data          0x000000008002d1a0        0x0 common/libcommon.a(miiphyutil.o)
 .data          0x000000008002d1a0        0x0 board/ar7240/db12x/libdb12x.a(db12x.o)
 .data          0x000000008002d1a0        0x0 board/ar7240/db12x/libdb12x.a(ar7240_pci.o)
 .data          0x000000008002d1a0       0x20 cpu/mips/ar7240/libar7240.a(meminit.o)
                0x000000008002d1a0                tap_settings
                0x000000008002d1ac                tap_pattern
 .data          0x000000008002d1c0       0x10 cpu/mips/ar7240/libar7240.a(ag934x.o)
 .data          0x000000008002d1d0       0x90 board/ar7240/db12x/libdb12x.a(athrs17_phy.o)

.got.plt        0x000000008002d260        0x0
 .got.plt       0x0000000000000000        0x0 cpu/mips/start.o

.data.rel.local
                0x000000008002d260      0x49c
 .data.rel.local
                0x000000008002d260        0xc common/libcommon.a(devices.o)
                0x000000008002d260                stdio_names
 .data.rel.local
                0x000000008002d26c      0x408 common/libcommon.a(dlmalloc.o)
 .data.rel.local
                0x000000008002d674        0x4 common/libcommon.a(env_common.o)
                0x000000008002d674                env_get_char
 .data.rel.local
                0x000000008002d678       0x84 common/libcommon.a(hush.o)

.data.rel       0x000000008002d6fc       0x2c
 .data.rel      0x000000008002d6fc       0x14 lib_mips/libmips.a(board.o)
                0x000000008002d6fc                init_sequence
 .data.rel      0x000000008002d710       0x14 httpd/libhttpd.a(fs.o)
                0x000000008002d710                file_version_html
 .data.rel      0x000000008002d724        0x4 httpd/libhttpd.a(cgi.o)
                0x000000008002d724                cgitab

.data.rel.ro    0x000000008002d728       0x64
 .data.rel.ro   0x000000008002d728       0x64 httpd/libhttpd.a(fs.o)
                0x000000008002d728                file_index_html
                0x000000008002d750                file_404_html
                0x000000008002d778                file_cgi_index
                0x000000008002d73c                file_error_html
                0x000000008002d764                file_counter_html

.data.rel.ro.local
                0x000000008002d78c        0x4
 .data.rel.ro.local
                0x000000008002d78c        0x4 lib_generic/libgeneric.a(LzmaWrapper.o)
                0x000000008002d790                . = ALIGN (0x4)

.sdata
 *(.sdata)
 *(.sdata)
                0x000000008002d790                . = ALIGN (0x10)
                0x000000008002d790                _gp = .
                0x000000008002d790                __got_start = .

.got            0x000000008002d790      0x538
 *(.got)
 .got           0x000000008002d790      0x538 cpu/mips/start.o
                0x000000008002d790                _GLOBAL_OFFSET_TABLE_
                0x000000008002dcc8                __got_end = .
                0x000000008002dcc8                __u_boot_cmd_start = .

.u_boot_cmd     0x000000008002dcc8      0x1e0
 *(.u_boot_cmd)
 .u_boot_cmd    0x000000008002dcc8       0x18 common/libcommon.a(cmd_boot.o)
                0x000000008002dcc8                __u_boot_cmd_reset
 .u_boot_cmd    0x000000008002dce0       0x48 common/libcommon.a(cmd_bootm.o)
                0x000000008002dce0                __u_boot_cmd_bootm
                0x000000008002dd10                __u_boot_cmd_bootd
                0x000000008002dcf8                __u_boot_cmd_boot
 .u_boot_cmd    0x000000008002dd28       0x18 common/libcommon.a(cmd_flash.o)
                0x000000008002dd28                __u_boot_cmd_erase
 .u_boot_cmd    0x000000008002dd40       0x90 common/libcommon.a(cmd_mem.o)
                0x000000008002dd40                __u_boot_cmd_md
                0x000000008002dd88                __u_boot_cmd_mw
                0x000000008002dd58                __u_boot_cmd_mm
                0x000000008002dd70                __u_boot_cmd_nm
                0x000000008002dda0                __u_boot_cmd_mtest
                0x000000008002ddb8                __u_boot_cmd_cp
 .u_boot_cmd    0x000000008002ddd0       0x18 common/libcommon.a(cmd_mii.o)
                0x000000008002ddd0                __u_boot_cmd_progmac
 .u_boot_cmd    0x000000008002dde8       0x30 common/libcommon.a(cmd_net.o)
                0x000000008002de00                __u_boot_cmd_ping
                0x000000008002dde8                __u_boot_cmd_tftpboot
 .u_boot_cmd    0x000000008002de18       0x48 common/libcommon.a(cmd_nvedit.o)
                0x000000008002de48                __u_boot_cmd_run
                0x000000008002de18                __u_boot_cmd_printenv
                0x000000008002de30                __u_boot_cmd_setenv
 .u_boot_cmd    0x000000008002de60       0x48 common/libcommon.a(command.o)
                0x000000008002de90                __u_boot_cmd_question_mark
                0x000000008002de60                __u_boot_cmd_version
                0x000000008002de78                __u_boot_cmd_help
                0x000000008002dea8                __u_boot_cmd_end = .
                0x000000008002dea8                uboot_end_data = .
                0x000000000000014e                num_got_entries = ((__got_end - __got_start) >> 0x2)
                0x000000008002dea8                . = ALIGN (0x4)

.sbss
 *(.sbss)

.bss            0x000000008002deb0     0x822a
 *(.bss)
 .bss           0x000000008002deb0        0x0 cpu/mips/start.o
 .bss           0x000000008002deb0        0x0 common/libcommon.a(cmd_boot.o)
 .bss           0x000000008002deb0        0x0 common/libcommon.a(cmd_bootm.o)
 .bss           0x000000008002deb0        0x0 common/libcommon.a(cmd_flash.o)
 .bss           0x000000008002deb0        0x0 common/libcommon.a(cmd_mem.o)
 .bss           0x000000008002deb0        0x0 common/libcommon.a(cmd_mii.o)
 .bss           0x000000008002deb0        0x0 common/libcommon.a(cmd_net.o)
 .bss           0x000000008002deb0        0x0 common/libcommon.a(cmd_nvedit.o)
 .bss           0x000000008002deb0        0x0 common/libcommon.a(command.o)
 .bss           0x000000008002deb0       0x10 common/libcommon.a(console.o)
 .bss           0x000000008002dec0       0x10 common/libcommon.a(devices.o)
                0x000000008002dec0                devlist
                0x000000008002dec4                stdio_devices
 .bss           0x000000008002ded0       0x40 common/libcommon.a(dlmalloc.o)
 .bss           0x000000008002df10        0x0 common/libcommon.a(env_common.o)
 .bss           0x000000008002df10       0x10 common/libcommon.a(env_nowhere.o)
                0x000000008002df10                env_ptr
 .bss           0x000000008002df20        0x0 common/libcommon.a(flash.o)
 .bss           0x000000008002df20      0x350 common/libcommon.a(hush.o)
 .bss           0x000000008002e270        0x0 common/libcommon.a(lists.o)
 .bss           0x000000008002e270        0x0 common/libcommon.a(main.o)
 .bss           0x000000008002e270        0x0 board/ar7240/db12x/libdb12x.a(ar7240_flash.o)
 .bss           0x000000008002e270        0x0 board/ar7240/db12x/libdb12x.a(flash.o)
 .bss           0x000000008002e270        0x0 cpu/mips/libmips.a(cpu.o)
 .bss           0x000000008002e270        0x0 cpu/mips/libmips.a(interrupts.o)
 .bss           0x000000008002e270        0x0 cpu/mips/libmips.a(cache.o)
 .bss           0x000000008002e270        0x0 cpu/mips/ar7240/libar7240.a(ar7240_serial.o)
 .bss           0x000000008002e270       0x10 lib_mips/libmips.a(board.o)
 .bss           0x000000008002e280        0x0 lib_mips/libmips.a(time.o)
 .bss           0x000000008002e280       0x20 lib_mips/libmips.a(mips_linux.o)
 .bss           0x000000008002e2a0       0x20 drivers/libdrivers.a(pci.o)
 .bss           0x000000008002e2c0       0x10 httpd/libhttpd.a(httpd.o)
                0x000000008002e2c0                httpd_no_hwid
                0x000000008002e2c4                httpd_flag
 .bss           0x000000008002e2d0       0x10 httpd/libhttpd.a(fs.o)
 .bss           0x000000008002e2e0       0x40 httpd/libhttpd.a(cgi.o)
                0x000000008002e300                supportChrome
                0x000000008002e2e0                content_length
                0x000000008002e308                buffer_ptr
                0x000000008002e2e4                startSector
                0x000000008002e314                finishflag
                0x000000008002e2e8                endSector
                0x000000008002e30c                bufsize
                0x000000008002e304                supportOpera
                0x000000008002e2fc                supportSafari
                0x000000008002e2f4                total_packets
                0x000000008002e2f8                supportFireFox
                0x000000008002e318                hwiderror
                0x000000008002e310                flashwrite
                0x000000008002e2ec                total_size
                0x000000008002e2f0                total_filesize
 .bss           0x000000008002e320       0x10 httpd/libhttpd.a(uip.o)
 .bss           0x000000008002e330        0x0 httpd/libhttpd.a(uip_arch.o)
 .bss           0x000000008002e330       0x70 httpd/libhttpd.a(uip_arp.o)
 .bss           0x000000008002e3a0       0xd0 net/libnet.a(net.o)
                0x000000008002e3ac                NetOurNISDomain
                0x000000008002e430                NetServerEther
                0x000000008002e3a0                NetOurSubnetMask
                0x000000008002e42c                NetBootFileSize
                0x000000008002e3cc                NetOurHostName
                0x000000008002e3a4                NetOurGatewayIP
                0x000000008002e438                NetEtherNullAddr
                0x000000008002e440                NetRestartWrap
                0x000000008002e444                NetTxPacket
                0x000000008002e3a8                NetOurDNSIP
                0x000000008002e3ec                NetOurRootPath
 .bss           0x000000008002e470       0x40 net/libnet.a(tftp.o)
 .bss           0x000000008002e4b0       0x10 net/libnet.a(eth.o)
 .bss           0x000000008002e4c0        0x0 rtc/librtc.a(date.o)
 .bss           0x000000008002e4c0        0x0 lib_generic/libgeneric.a(crc32.o)
 .bss           0x000000008002e4c0        0x0 lib_generic/libgeneric.a(ctype.o)
 .bss           0x000000008002e4c0        0x0 lib_generic/libgeneric.a(display_options.o)
 .bss           0x000000008002e4c0        0x0 lib_generic/libgeneric.a(string.o)
 .bss           0x000000008002e4c0        0x0 lib_generic/libgeneric.a(vsprintf.o)
 .bss           0x000000008002e4c0       0x10 lib_generic/libgeneric.a(LzmaWrapper.o)
 .bss           0x000000008002e4d0        0x0 lib_generic/libgeneric.a(LzmaDecode.o)
 .bss           0x000000008002e4d0        0x0 common/libcommon.a(exports.o)
 .bss           0x000000008002e4d0       0x10 common/libcommon.a(miiphyutil.o)
 .bss           0x000000008002e4e0        0x0 board/ar7240/db12x/libdb12x.a(db12x.o)
 .bss           0x000000008002e4e0        0x0 board/ar7240/db12x/libdb12x.a(ar7240_pci.o)
 .bss           0x000000008002e4e0        0x0 cpu/mips/ar7240/libar7240.a(meminit.o)
 .bss           0x000000008002e4e0        0x0 cpu/mips/ar7240/libar7240.a(ag934x.o)
 .bss           0x000000008002e4e0       0x10 board/ar7240/db12x/libdb12x.a(athrs17_phy.o)
 COMMON         0x000000008002e4f0       0x40 common/libcommon.a(cmd_bootm.o)
                0x000000008002e4f0                header
 COMMON         0x000000008002e530      0x200 common/libcommon.a(main.o)
                0x000000008002e530                console_buffer
 COMMON         0x000000008002e730      0x50c board/ar7240/db12x/libdb12x.a(ar7240_flash.o)
                0x000000008002e730                flash_info
 COMMON         0x000000008002ec3c       0x10 httpd/libhttpd.a(httpd.o)
                0x000000008002ec3c                statLed
 COMMON         0x000000008002ec4c      0x782 httpd/libhttpd.a(uip.o)
                0x000000008002ec4c                uip_conns
                0x000000008002eddc                uip_listenports
                0x000000008002edf0                uip_buf
 *fill*         0x000000008002f3ce        0x2 00
 COMMON         0x000000008002f3d0     0x6d00 net/libnet.a(net.o)
                0x000000008002f3d0                NetRxPackets
                0x000000008002f410                BootFile
                0x000000008002f490                NetArpWaitPacketBuf
                0x000000008002fab0                PktBuf
 COMMON         0x00000000800360d0        0xa cpu/mips/ar7240/libar7240.a(ag934x.o)
                0x00000000800360d0                __local_enet_addr
                0x00000000800360da                uboot_end = .
Address of section .text set to 0x80010000
LOAD cpu/mips/start.o
START GROUP
LOAD lib_generic/libgeneric.a
LOAD common/libcommon.a
LOAD board/ar7240/db12x/libdb12x.a
LOAD cpu/mips/libmips.a
LOAD cpu/mips/ar7240/libar7240.a
LOAD lib_mips/libmips.a
LOAD drivers/libdrivers.a
LOAD httpd/libhttpd.a
LOAD net/libnet.a
LOAD rtc/librtc.a
LOAD post/libpost.a
LOAD post/cpu/libcpu.a
END GROUP
LOAD /opt/wasp_tools/usr/bin-ccache/../lib/gcc/mips-linux-uclibc/4.3.3/libgcc.a
OUTPUT(u-boot elf32-tradbigmips)

.scommon        0x00000000800360dc       0xa8
 .scommon       0x00000000800360dc       0x10 common/libcommon.a(cmd_mem.o)
                0x00000000800360dc                dp_last_size
                0x00000000800360e0                dp_last_addr
                0x00000000800360e4                mm_last_size
                0x00000000800360e8                mm_last_addr
 .scommon       0x00000000800360ec        0x8 common/libcommon.a(hush.o)
                0x00000000800360ec                nesting_level
                0x00000000800360f0                last_return_code
 .scommon       0x00000000800360f4        0x4 lib_mips/libmips.a(board.o)
                0x00000000800360f4                monitor_flash_len
 .scommon       0x00000000800360f8        0xc httpd/libhttpd.a(httpd.o)
                0x00000000800360f8                hs
                0x00000000800360fc                fin
 .scommon       0x0000000080036104        0x4 httpd/libhttpd.a(cgi.o)
                0x0000000080036104                ptr
 .scommon       0x0000000080036108       0x30 httpd/libhttpd.a(uip.o)
                0x0000000080036108                uip_len
                0x000000008003610c                uip_sappdata
                0x0000000080036110                uip_acc32
                0x0000000080036114                uip_flags
                0x0000000080036118                uip_appdata
                0x000000008003611c                uip_conn
                0x0000000080036120                uip_arp_netmask
                0x0000000080036124                uip_surglen
                0x0000000080036128                uip_urgdata
                0x000000008003612c                uip_hostaddr
                0x0000000080036130                uip_arp_draddr
                0x0000000080036134                uip_urglen
                0x0000000080036136                uip_slen
 .scommon       0x0000000080036138       0x44 net/libnet.a(net.o)
                0x0000000080036138                NetArpWaitTry
                0x000000008003613c                NetArpWaitPacketMAC
                0x0000000080036140                NetOurEther
                0x0000000080036148                NetOurIP
                0x000000008003614c                NetPingIP
                0x0000000080036150                NetServerIP
                0x0000000080036154                NetArpWaitTxPacketSize
                0x0000000080036158                NetArpWaitReplyIP
                0x000000008003615c                NetArpWaitTxPacket
                0x0000000080036160                NetArpWaitPacketIP
                0x0000000080036164                NetState
                0x0000000080036168                NetIPID
                0x000000008003616c                NetRxPkt
                0x0000000080036170                NetRxPktLen
                0x0000000080036174                NetBootFileXferSize
                0x0000000080036178                NetArpWaitTimerStart
 .scommon       0x000000008003617c        0x4 lib_generic/libgeneric.a(string.o)
                0x000000008003617c                ___strtok
 .scommon       0x0000000080036180        0x4 cpu/mips/ar7240/libar7240.a(ag934x.o)
                0x0000000080036180                ag7240_macs

.pdr            0x0000000000000000     0x2be0
 .pdr           0x0000000000000000       0x20 cpu/mips/start.o
 .pdr           0x0000000000000020        0x0 common/libcommon.a(cmd_boot.o)
 .pdr           0x0000000000000020       0x80 common/libcommon.a(cmd_bootm.o)
 .pdr           0x00000000000000a0       0x40 common/libcommon.a(cmd_flash.o)
 .pdr           0x00000000000000e0      0x100 common/libcommon.a(cmd_mem.o)
 .pdr           0x00000000000001e0       0x20 common/libcommon.a(cmd_mii.o)
 .pdr           0x0000000000000200       0x40 common/libcommon.a(cmd_net.o)
 .pdr           0x0000000000000240       0xe0 common/libcommon.a(cmd_nvedit.o)
 .pdr           0x0000000000000320       0x60 common/libcommon.a(command.o)
 .pdr           0x0000000000000380      0x2a0 common/libcommon.a(console.o)
 .pdr           0x0000000000000620       0x60 common/libcommon.a(devices.o)
 .pdr           0x0000000000000680      0x180 common/libcommon.a(dlmalloc.o)
 .pdr           0x0000000000000800       0xa0 common/libcommon.a(env_common.o)
 .pdr           0x00000000000008a0       0x60 common/libcommon.a(env_nowhere.o)
 .pdr           0x0000000000000900       0x80 common/libcommon.a(flash.o)
 .pdr           0x0000000000000980      0x320 common/libcommon.a(hush.o)
 .pdr           0x0000000000000ca0      0x1c0 common/libcommon.a(lists.o)
 .pdr           0x0000000000000e60       0xa0 common/libcommon.a(main.o)
 .pdr           0x0000000000000f00       0xe0 board/ar7240/db12x/libdb12x.a(ar7240_flash.o)
 .pdr           0x0000000000000fe0       0x20 board/ar7240/db12x/libdb12x.a(flash.o)
 .pdr           0x0000000000001000       0x60 cpu/mips/libmips.a(cpu.o)
 .pdr           0x0000000000001060       0x40 cpu/mips/libmips.a(interrupts.o)
 .pdr           0x00000000000010a0      0x120 cpu/mips/libmips.a(cache.o)
 .pdr           0x00000000000011c0       0xe0 cpu/mips/ar7240/libar7240.a(ar7240_serial.o)
 .pdr           0x00000000000012a0      0x160 lib_mips/libmips.a(board.o)
 .pdr           0x0000000000001400       0xe0 lib_mips/libmips.a(time.o)
 .pdr           0x00000000000014e0       0x60 lib_mips/libmips.a(mips_linux.o)
 .pdr           0x0000000000001540      0x3a0 drivers/libdrivers.a(pci.o)
 .pdr           0x00000000000018e0      0x100 httpd/libhttpd.a(httpd.o)
 .pdr           0x00000000000019e0       0x60 httpd/libhttpd.a(fs.o)
 .pdr           0x0000000000001a40       0x60 httpd/libhttpd.a(cgi.o)
 .pdr           0x0000000000001aa0       0xc0 httpd/libhttpd.a(uip.o)
 .pdr           0x0000000000001b60       0x80 httpd/libhttpd.a(uip_arch.o)
 .pdr           0x0000000000001be0       0xc0 httpd/libhttpd.a(uip_arp.o)
 .pdr           0x0000000000001ca0      0x360 net/libnet.a(net.o)
 .pdr           0x0000000000002000       0x80 net/libnet.a(tftp.o)
 .pdr           0x0000000000002080      0x1a0 net/libnet.a(eth.o)
 .pdr           0x0000000000002220       0x60 rtc/librtc.a(date.o)
 .pdr           0x0000000000002280       0x20 lib_generic/libgeneric.a(crc32.o)
 .pdr           0x00000000000022a0        0x0 lib_generic/libgeneric.a(ctype.o)
 .pdr           0x00000000000022a0       0x40 lib_generic/libgeneric.a(display_options.o)
 .pdr           0x00000000000022e0      0x260 lib_generic/libgeneric.a(string.o)
 .pdr           0x0000000000002540       0xc0 lib_generic/libgeneric.a(vsprintf.o)
 .pdr           0x0000000000002600       0x20 lib_generic/libgeneric.a(LzmaWrapper.o)
 .pdr           0x0000000000002620       0x40 lib_generic/libgeneric.a(LzmaDecode.o)
 .pdr           0x0000000000002660       0x60 common/libcommon.a(exports.o)
 .pdr           0x00000000000026c0      0x180 common/libcommon.a(miiphyutil.o)
 .pdr           0x0000000000002840       0xc0 board/ar7240/db12x/libdb12x.a(db12x.o)
 .pdr           0x0000000000002900       0x40 board/ar7240/db12x/libdb12x.a(ar7240_pci.o)
 .pdr           0x0000000000002940       0x60 cpu/mips/ar7240/libar7240.a(meminit.o)
 .pdr           0x00000000000029a0      0x140 cpu/mips/ar7240/libar7240.a(ag934x.o)
 .pdr           0x0000000000002ae0      0x100 board/ar7240/db12x/libdb12x.a(athrs17_phy.o)

.stab           0x0000000000000000      0xfe4
 .stab          0x0000000000000000      0x864 cpu/mips/start.o
 .stab          0x0000000000000864      0x780 cpu/mips/libmips.a(cache.o)
                                        0x78c (size before relaxing)

.stabstr        0x0000000000000000      0x155
 .stabstr       0x0000000000000000      0x155 cpu/mips/start.o

.mdebug.abi32   0x0000000000000000        0x0
 .mdebug.abi32  0x0000000000000000        0x0 common/libcommon.a(cmd_boot.o)
 .mdebug.abi32  0x0000000000000000        0x0 common/libcommon.a(cmd_bootm.o)
 .mdebug.abi32  0x0000000000000000        0x0 common/libcommon.a(cmd_flash.o)
 .mdebug.abi32  0x0000000000000000        0x0 common/libcommon.a(cmd_mem.o)
 .mdebug.abi32  0x0000000000000000        0x0 common/libcommon.a(cmd_mii.o)
 .mdebug.abi32  0x0000000000000000        0x0 common/libcommon.a(cmd_net.o)
 .mdebug.abi32  0x0000000000000000        0x0 common/libcommon.a(cmd_nvedit.o)
 .mdebug.abi32  0x0000000000000000        0x0 common/libcommon.a(command.o)
 .mdebug.abi32  0x0000000000000000        0x0 common/libcommon.a(console.o)
 .mdebug.abi32  0x0000000000000000        0x0 common/libcommon.a(devices.o)
 .mdebug.abi32  0x0000000000000000        0x0 common/libcommon.a(dlmalloc.o)
 .mdebug.abi32  0x0000000000000000        0x0 common/libcommon.a(env_common.o)
 .mdebug.abi32  0x0000000000000000        0x0 common/libcommon.a(env_nowhere.o)
 .mdebug.abi32  0x0000000000000000        0x0 common/libcommon.a(flash.o)
 .mdebug.abi32  0x0000000000000000        0x0 common/libcommon.a(hush.o)
 .mdebug.abi32  0x0000000000000000        0x0 common/libcommon.a(lists.o)
 .mdebug.abi32  0x0000000000000000        0x0 common/libcommon.a(main.o)
 .mdebug.abi32  0x0000000000000000        0x0 board/ar7240/db12x/libdb12x.a(ar7240_flash.o)
 .mdebug.abi32  0x0000000000000000        0x0 board/ar7240/db12x/libdb12x.a(flash.o)
 .mdebug.abi32  0x0000000000000000        0x0 cpu/mips/libmips.a(cpu.o)
 .mdebug.abi32  0x0000000000000000        0x0 cpu/mips/libmips.a(interrupts.o)
 .mdebug.abi32  0x0000000000000000        0x0 cpu/mips/ar7240/libar7240.a(ar7240_serial.o)
 .mdebug.abi32  0x0000000000000000        0x0 lib_mips/libmips.a(board.o)
 .mdebug.abi32  0x0000000000000000        0x0 lib_mips/libmips.a(time.o)
 .mdebug.abi32  0x0000000000000000        0x0 lib_mips/libmips.a(mips_linux.o)
 .mdebug.abi32  0x0000000000000000        0x0 drivers/libdrivers.a(pci.o)
 .mdebug.abi32  0x0000000000000000        0x0 httpd/libhttpd.a(httpd.o)
 .mdebug.abi32  0x0000000000000000        0x0 httpd/libhttpd.a(fs.o)
 .mdebug.abi32  0x0000000000000000        0x0 httpd/libhttpd.a(cgi.o)
 .mdebug.abi32  0x0000000000000000        0x0 httpd/libhttpd.a(uip.o)
 .mdebug.abi32  0x0000000000000000        0x0 httpd/libhttpd.a(uip_arch.o)
 .mdebug.abi32  0x0000000000000000        0x0 httpd/libhttpd.a(uip_arp.o)
 .mdebug.abi32  0x0000000000000000        0x0 net/libnet.a(net.o)
 .mdebug.abi32  0x0000000000000000        0x0 net/libnet.a(tftp.o)
 .mdebug.abi32  0x0000000000000000        0x0 net/libnet.a(eth.o)
 .mdebug.abi32  0x0000000000000000        0x0 rtc/librtc.a(date.o)
 .mdebug.abi32  0x0000000000000000        0x0 lib_generic/libgeneric.a(crc32.o)
 .mdebug.abi32  0x0000000000000000        0x0 lib_generic/libgeneric.a(ctype.o)
 .mdebug.abi32  0x0000000000000000        0x0 lib_generic/libgeneric.a(display_options.o)
 .mdebug.abi32  0x0000000000000000        0x0 lib_generic/libgeneric.a(string.o)
 .mdebug.abi32  0x0000000000000000        0x0 lib_generic/libgeneric.a(vsprintf.o)
 .mdebug.abi32  0x0000000000000000        0x0 lib_generic/libgeneric.a(LzmaWrapper.o)
 .mdebug.abi32  0x0000000000000000        0x0 lib_generic/libgeneric.a(LzmaDecode.o)
 .mdebug.abi32  0x0000000000000000        0x0 common/libcommon.a(exports.o)
 .mdebug.abi32  0x0000000000000000        0x0 common/libcommon.a(miiphyutil.o)
 .mdebug.abi32  0x0000000000000000        0x0 board/ar7240/db12x/libdb12x.a(db12x.o)
 .mdebug.abi32  0x0000000000000000        0x0 board/ar7240/db12x/libdb12x.a(ar7240_pci.o)
 .mdebug.abi32  0x0000000000000000        0x0 cpu/mips/ar7240/libar7240.a(meminit.o)
 .mdebug.abi32  0x0000000000000000        0x0 cpu/mips/ar7240/libar7240.a(ag934x.o)
 .mdebug.abi32  0x0000000000000000        0x0 board/ar7240/db12x/libdb12x.a(athrs17_phy.o)

.debug_abbrev   0x0000000000000000     0x5eaf
 .debug_abbrev  0x0000000000000000       0xca common/libcommon.a(cmd_boot.o)
 .debug_abbrev  0x00000000000000ca      0x2ae common/libcommon.a(cmd_bootm.o)
 .debug_abbrev  0x0000000000000378      0x1fa common/libcommon.a(cmd_flash.o)
 .debug_abbrev  0x0000000000000572      0x1e7 common/libcommon.a(cmd_mem.o)
 .debug_abbrev  0x0000000000000759      0x124 common/libcommon.a(cmd_mii.o)
 .debug_abbrev  0x000000000000087d      0x1ee common/libcommon.a(cmd_net.o)
 .debug_abbrev  0x0000000000000a6b      0x27e common/libcommon.a(cmd_nvedit.o)
 .debug_abbrev  0x0000000000000ce9      0x1f6 common/libcommon.a(command.o)
 .debug_abbrev  0x0000000000000edf      0x333 common/libcommon.a(console.o)
 .debug_abbrev  0x0000000000001212      0x1bc common/libcommon.a(devices.o)
 .debug_abbrev  0x00000000000013ce      0x250 common/libcommon.a(dlmalloc.o)
 .debug_abbrev  0x000000000000161e      0x16c common/libcommon.a(env_common.o)
 .debug_abbrev  0x000000000000178a      0x147 common/libcommon.a(env_nowhere.o)
 .debug_abbrev  0x00000000000018d1      0x18c common/libcommon.a(flash.o)
 .debug_abbrev  0x0000000000001a5d      0x3ee common/libcommon.a(hush.o)
 .debug_abbrev  0x0000000000001e4b      0x21a common/libcommon.a(lists.o)
 .debug_abbrev  0x0000000000002065      0x279 common/libcommon.a(main.o)
 .debug_abbrev  0x00000000000022de      0x219 board/ar7240/db12x/libdb12x.a(ar7240_flash.o)
 .debug_abbrev  0x00000000000024f7       0xb1 board/ar7240/db12x/libdb12x.a(flash.o)
 .debug_abbrev  0x00000000000025a8      0x12c cpu/mips/libmips.a(cpu.o)
 .debug_abbrev  0x00000000000026d4       0x65 cpu/mips/libmips.a(interrupts.o)
 .debug_abbrev  0x0000000000002739      0x157 cpu/mips/ar7240/libar7240.a(ar7240_serial.o)
 .debug_abbrev  0x0000000000002890      0x38f lib_mips/libmips.a(board.o)
 .debug_abbrev  0x0000000000002c1f      0x179 lib_mips/libmips.a(time.o)
 .debug_abbrev  0x0000000000002d98      0x280 lib_mips/libmips.a(mips_linux.o)
 .debug_abbrev  0x0000000000003018      0x2b4 drivers/libdrivers.a(pci.o)
 .debug_abbrev  0x00000000000032cc      0x2e7 httpd/libhttpd.a(httpd.o)
 .debug_abbrev  0x00000000000035b3      0x1b0 httpd/libhttpd.a(fs.o)
 .debug_abbrev  0x0000000000003763      0x262 httpd/libhttpd.a(cgi.o)
 .debug_abbrev  0x00000000000039c5      0x1cf httpd/libhttpd.a(uip.o)
 .debug_abbrev  0x0000000000003b94      0x140 httpd/libhttpd.a(uip_arch.o)
 .debug_abbrev  0x0000000000003cd4      0x1aa httpd/libhttpd.a(uip_arp.o)
 .debug_abbrev  0x0000000000003e7e      0x43b net/libnet.a(net.o)
 .debug_abbrev  0x00000000000042b9      0x1e0 net/libnet.a(tftp.o)
 .debug_abbrev  0x0000000000004499      0x300 net/libnet.a(eth.o)
 .debug_abbrev  0x0000000000004799      0x130 rtc/librtc.a(date.o)
 .debug_abbrev  0x00000000000048c9       0x9c lib_generic/libgeneric.a(crc32.o)
 .debug_abbrev  0x0000000000004965       0x4b lib_generic/libgeneric.a(ctype.o)
 .debug_abbrev  0x00000000000049b0       0xcb lib_generic/libgeneric.a(display_options.o)
 .debug_abbrev  0x0000000000004a7b      0x261 lib_generic/libgeneric.a(string.o)
 .debug_abbrev  0x0000000000004cdc      0x21a lib_generic/libgeneric.a(vsprintf.o)
 .debug_abbrev  0x0000000000004ef6      0x1a7 lib_generic/libgeneric.a(LzmaWrapper.o)
 .debug_abbrev  0x000000000000509d      0x139 lib_generic/libgeneric.a(LzmaDecode.o)
 .debug_abbrev  0x00000000000051d6      0x114 common/libcommon.a(exports.o)
 .debug_abbrev  0x00000000000052ea      0x23e common/libcommon.a(miiphyutil.o)
 .debug_abbrev  0x0000000000005528      0x1d2 board/ar7240/db12x/libdb12x.a(db12x.o)
 .debug_abbrev  0x00000000000056fa      0x182 board/ar7240/db12x/libdb12x.a(ar7240_pci.o)
 .debug_abbrev  0x000000000000587c      0x11f cpu/mips/ar7240/libar7240.a(meminit.o)
 .debug_abbrev  0x000000000000599b      0x39a cpu/mips/ar7240/libar7240.a(ag934x.o)
 .debug_abbrev  0x0000000000005d35      0x17a board/ar7240/db12x/libdb12x.a(athrs17_phy.o)

.debug_info     0x0000000000000000    0x13d7f
 .debug_info    0x0000000000000000      0x299 common/libcommon.a(cmd_boot.o)
 .debug_info    0x0000000000000299      0xab6 common/libcommon.a(cmd_bootm.o)
 .debug_info    0x0000000000000d4f      0x714 common/libcommon.a(cmd_flash.o)
 .debug_info    0x0000000000001463      0x77e common/libcommon.a(cmd_mem.o)
 .debug_info    0x0000000000001be1      0x278 common/libcommon.a(cmd_mii.o)
 .debug_info    0x0000000000001e59      0x4d7 common/libcommon.a(cmd_net.o)
 .debug_info    0x0000000000002330      0xb08 common/libcommon.a(cmd_nvedit.o)
 .debug_info    0x0000000000002e38      0x46e common/libcommon.a(command.o)
 .debug_info    0x00000000000032a6      0x992 common/libcommon.a(console.o)
 .debug_info    0x0000000000003c38      0x503 common/libcommon.a(devices.o)
 .debug_info    0x000000000000413b      0xcc4 common/libcommon.a(dlmalloc.o)
 .debug_info    0x0000000000004dff      0x35e common/libcommon.a(env_common.o)
 .debug_info    0x000000000000515d      0x2c3 common/libcommon.a(env_nowhere.o)
 .debug_info    0x0000000000005420      0x327 common/libcommon.a(flash.o)
 .debug_info    0x0000000000005747     0x1c7e common/libcommon.a(hush.o)
 .debug_info    0x00000000000073c5      0x556 common/libcommon.a(lists.o)
 .debug_info    0x000000000000791b      0x6db common/libcommon.a(main.o)
 .debug_info    0x0000000000007ff6      0x61d board/ar7240/db12x/libdb12x.a(ar7240_flash.o)
 .debug_info    0x0000000000008613      0x157 board/ar7240/db12x/libdb12x.a(flash.o)
 .debug_info    0x000000000000876a      0x245 cpu/mips/libmips.a(cpu.o)
 .debug_info    0x00000000000089af       0xa8 cpu/mips/libmips.a(interrupts.o)
 .debug_info    0x0000000000008a57      0x21d cpu/mips/ar7240/libar7240.a(ar7240_serial.o)
 .debug_info    0x0000000000008c74      0x922 lib_mips/libmips.a(board.o)
 .debug_info    0x0000000000009596      0x28e lib_mips/libmips.a(time.o)
 .debug_info    0x0000000000009824      0x98d lib_mips/libmips.a(mips_linux.o)
 .debug_info    0x000000000000a1b1     0x109b drivers/libdrivers.a(pci.o)
 .debug_info    0x000000000000b24c      0x810 httpd/libhttpd.a(httpd.o)
 .debug_info    0x000000000000ba5c      0x4bc httpd/libhttpd.a(fs.o)
 .debug_info    0x000000000000bf18      0x940 httpd/libhttpd.a(cgi.o)
 .debug_info    0x000000000000c858      0x767 httpd/libhttpd.a(uip.o)
 .debug_info    0x000000000000cfbf      0x312 httpd/libhttpd.a(uip_arch.o)
 .debug_info    0x000000000000d2d1      0x469 httpd/libhttpd.a(uip_arp.o)
 .debug_info    0x000000000000d73a     0x162b net/libnet.a(net.o)
 .debug_info    0x000000000000ed65      0x4fa net/libnet.a(tftp.o)
 .debug_info    0x000000000000f25f      0x7db net/libnet.a(eth.o)
 .debug_info    0x000000000000fa3a      0x264 rtc/librtc.a(date.o)
 .debug_info    0x000000000000fc9e      0x136 lib_generic/libgeneric.a(crc32.o)
 .debug_info    0x000000000000fdd4       0x52 lib_generic/libgeneric.a(ctype.o)
 .debug_info    0x000000000000fe26      0x12a lib_generic/libgeneric.a(display_options.o)
 .debug_info    0x000000000000ff50      0x7cb lib_generic/libgeneric.a(string.o)
 .debug_info    0x000000000001071b      0x47b lib_generic/libgeneric.a(vsprintf.o)
 .debug_info    0x0000000000010b96      0x366 lib_generic/libgeneric.a(LzmaWrapper.o)
 .debug_info    0x0000000000010efc      0x4f1 lib_generic/libgeneric.a(LzmaDecode.o)
 .debug_info    0x00000000000113ed      0x29f common/libcommon.a(exports.o)
 .debug_info    0x000000000001168c      0x817 common/libcommon.a(miiphyutil.o)
 .debug_info    0x0000000000011ea3      0x274 board/ar7240/db12x/libdb12x.a(db12x.o)
 .debug_info    0x0000000000012117      0x5c0 board/ar7240/db12x/libdb12x.a(ar7240_pci.o)
 .debug_info    0x00000000000126d7      0x258 cpu/mips/ar7240/libar7240.a(meminit.o)
 .debug_info    0x000000000001292f      0xf07 cpu/mips/ar7240/libar7240.a(ag934x.o)
 .debug_info    0x0000000000013836      0x549 board/ar7240/db12x/libdb12x.a(athrs17_phy.o)

.debug_line     0x0000000000000000     0x5fa8
 .debug_line    0x0000000000000000       0xb1 common/libcommon.a(cmd_boot.o)
 .debug_line    0x00000000000000b1      0x2a0 common/libcommon.a(cmd_bootm.o)
 .debug_line    0x0000000000000351      0x1fb common/libcommon.a(cmd_flash.o)
 .debug_line    0x000000000000054c      0x223 common/libcommon.a(cmd_mem.o)
 .debug_line    0x000000000000076f       0xfa common/libcommon.a(cmd_mii.o)
 .debug_line    0x0000000000000869      0x183 common/libcommon.a(cmd_net.o)
 .debug_line    0x00000000000009ec      0x32d common/libcommon.a(cmd_nvedit.o)
 .debug_line    0x0000000000000d19      0x191 common/libcommon.a(command.o)
 .debug_line    0x0000000000000eaa      0x2ba common/libcommon.a(console.o)
 .debug_line    0x0000000000001164      0x14e common/libcommon.a(devices.o)
 .debug_line    0x00000000000012b2      0x333 common/libcommon.a(dlmalloc.o)
 .debug_line    0x00000000000015e5      0x10e common/libcommon.a(env_common.o)
 .debug_line    0x00000000000016f3       0xdd common/libcommon.a(env_nowhere.o)
 .debug_line    0x00000000000017d0      0x150 common/libcommon.a(flash.o)
 .debug_line    0x0000000000001920      0x816 common/libcommon.a(hush.o)
 .debug_line    0x0000000000002136      0x129 common/libcommon.a(lists.o)
 .debug_line    0x000000000000225f      0x2a4 common/libcommon.a(main.o)
 .debug_line    0x0000000000002503      0x1e6 board/ar7240/db12x/libdb12x.a(ar7240_flash.o)
 .debug_line    0x00000000000026e9       0xca board/ar7240/db12x/libdb12x.a(flash.o)
 .debug_line    0x00000000000027b3      0x113 cpu/mips/libmips.a(cpu.o)
 .debug_line    0x00000000000028c6       0x3f cpu/mips/libmips.a(interrupts.o)
 .debug_line    0x0000000000002905       0xb8 cpu/mips/ar7240/libar7240.a(ar7240_serial.o)
 .debug_line    0x00000000000029bd      0x29c lib_mips/libmips.a(board.o)
 .debug_line    0x0000000000002c59       0xe2 lib_mips/libmips.a(time.o)
 .debug_line    0x0000000000002d3b      0x2ce lib_mips/libmips.a(mips_linux.o)
 .debug_line    0x0000000000003009      0x250 drivers/libdrivers.a(pci.o)
 .debug_line    0x0000000000003259      0x227 httpd/libhttpd.a(httpd.o)
 .debug_line    0x0000000000003480       0xe3 httpd/libhttpd.a(fs.o)
 .debug_line    0x0000000000003563      0x32c httpd/libhttpd.a(cgi.o)
 .debug_line    0x000000000000388f      0x305 httpd/libhttpd.a(uip.o)
 .debug_line    0x0000000000003b94       0xa0 httpd/libhttpd.a(uip_arch.o)
 .debug_line    0x0000000000003c34      0x15d httpd/libhttpd.a(uip_arp.o)
 .debug_line    0x0000000000003d91      0x578 net/libnet.a(net.o)
 .debug_line    0x0000000000004309      0x26f net/libnet.a(tftp.o)
 .debug_line    0x0000000000004578      0x1e0 net/libnet.a(eth.o)
 .debug_line    0x0000000000004758       0xaf rtc/librtc.a(date.o)
 .debug_line    0x0000000000004807       0xc7 lib_generic/libgeneric.a(crc32.o)
 .debug_line    0x00000000000048ce       0x28 lib_generic/libgeneric.a(ctype.o)
 .debug_line    0x00000000000048f6       0x9d lib_generic/libgeneric.a(display_options.o)
 .debug_line    0x0000000000004993      0x1c0 lib_generic/libgeneric.a(string.o)
 .debug_line    0x0000000000004b53      0x1fb lib_generic/libgeneric.a(vsprintf.o)
 .debug_line    0x0000000000004d4e      0x14f lib_generic/libgeneric.a(LzmaWrapper.o)
 .debug_line    0x0000000000004e9d      0x1ee lib_generic/libgeneric.a(LzmaDecode.o)
 .debug_line    0x000000000000508b       0xe7 common/libcommon.a(exports.o)
 .debug_line    0x0000000000005172      0x257 common/libcommon.a(miiphyutil.o)
 .debug_line    0x00000000000053c9      0x13e board/ar7240/db12x/libdb12x.a(db12x.o)
 .debug_line    0x0000000000005507      0x176 board/ar7240/db12x/libdb12x.a(ar7240_pci.o)
 .debug_line    0x000000000000567d      0x188 cpu/mips/ar7240/libar7240.a(meminit.o)
 .debug_line    0x0000000000005805      0x585 cpu/mips/ar7240/libar7240.a(ag934x.o)
 .debug_line    0x0000000000005d8a      0x21e board/ar7240/db12x/libdb12x.a(athrs17_phy.o)

.debug_pubnames
                0x0000000000000000     0x20e7
 .debug_pubnames
                0x0000000000000000       0x30 common/libcommon.a(cmd_boot.o)
 .debug_pubnames
                0x0000000000000030       0xbb common/libcommon.a(cmd_bootm.o)
 .debug_pubnames
                0x00000000000000eb       0x4d common/libcommon.a(cmd_flash.o)
 .debug_pubnames
                0x0000000000000138      0x151 common/libcommon.a(cmd_mem.o)
 .debug_pubnames
                0x0000000000000289       0x36 common/libcommon.a(cmd_mii.o)
 .debug_pubnames
                0x00000000000002bf       0x5b common/libcommon.a(cmd_net.o)
 .debug_pubnames
                0x000000000000031a       0xb0 common/libcommon.a(cmd_nvedit.o)
 .debug_pubnames
                0x00000000000003ca       0x88 common/libcommon.a(command.o)
 .debug_pubnames
                0x0000000000000452      0x115 common/libcommon.a(console.o)
 .debug_pubnames
                0x0000000000000567       0x7d common/libcommon.a(devices.o)
 .debug_pubnames
                0x00000000000005e4       0xba common/libcommon.a(dlmalloc.o)
 .debug_pubnames
                0x000000000000069e       0x8f common/libcommon.a(env_common.o)
 .debug_pubnames
                0x000000000000072d       0x5e common/libcommon.a(env_nowhere.o)
 .debug_pubnames
                0x000000000000078b       0x53 common/libcommon.a(flash.o)
 .debug_pubnames
                0x00000000000007de       0xcf common/libcommon.a(hush.o)
 .debug_pubnames
                0x00000000000008ad      0x116 common/libcommon.a(lists.o)
 .debug_pubnames
                0x00000000000009c3       0x5b common/libcommon.a(main.o)
 .debug_pubnames
                0x0000000000000a1e       0x76 board/ar7240/db12x/libdb12x.a(ar7240_flash.o)
 .debug_pubnames
                0x0000000000000a94       0x25 board/ar7240/db12x/libdb12x.a(flash.o)
 .debug_pubnames
                0x0000000000000ab9       0x41 cpu/mips/libmips.a(cpu.o)
 .debug_pubnames
                0x0000000000000afa       0x3f cpu/mips/libmips.a(interrupts.o)
 .debug_pubnames
                0x0000000000000b39       0x8d cpu/mips/ar7240/libar7240.a(ar7240_serial.o)
 .debug_pubnames
                0x0000000000000bc6       0xf5 lib_mips/libmips.a(board.o)
 .debug_pubnames
                0x0000000000000cbb       0x74 lib_mips/libmips.a(time.o)
 .debug_pubnames
                0x0000000000000d2f       0x3d lib_mips/libmips.a(mips_linux.o)
 .debug_pubnames
                0x0000000000000d6c      0x32a drivers/libdrivers.a(pci.o)
 .debug_pubnames
                0x0000000000001096       0xa3 httpd/libhttpd.a(httpd.o)
 .debug_pubnames
                0x0000000000001139       0xc6 httpd/libhttpd.a(fs.o)
 .debug_pubnames
                0x00000000000011ff      0x162 httpd/libhttpd.a(cgi.o)
 .debug_pubnames
                0x0000000000001361      0x151 httpd/libhttpd.a(uip.o)
 .debug_pubnames
                0x00000000000014b2       0x52 httpd/libhttpd.a(uip_arch.o)
 .debug_pubnames
                0x0000000000001504       0x78 httpd/libhttpd.a(uip_arp.o)
 .debug_pubnames
                0x000000000000157c      0x40c net/libnet.a(net.o)
 .debug_pubnames
                0x0000000000001988       0x20 net/libnet.a(tftp.o)
 .debug_pubnames
                0x00000000000019a8       0xf4 net/libnet.a(eth.o)
 .debug_pubnames
                0x0000000000001a9c       0x38 rtc/librtc.a(date.o)
 .debug_pubnames
                0x0000000000001ad4       0x1c lib_generic/libgeneric.a(crc32.o)
 .debug_pubnames
                0x0000000000001af0       0x1d lib_generic/libgeneric.a(ctype.o)
 .debug_pubnames
                0x0000000000001b0d       0x35 lib_generic/libgeneric.a(display_options.o)
 .debug_pubnames
                0x0000000000001b42       0xf9 lib_generic/libgeneric.a(string.o)
 .debug_pubnames
                0x0000000000001c3b       0x5a lib_generic/libgeneric.a(vsprintf.o)
 .debug_pubnames
                0x0000000000001c95       0x23 lib_generic/libgeneric.a(LzmaWrapper.o)
 .debug_pubnames
                0x0000000000001cb8       0x3a lib_generic/libgeneric.a(LzmaDecode.o)
 .debug_pubnames
                0x0000000000001cf2       0x3c common/libcommon.a(exports.o)
 .debug_pubnames
                0x0000000000001d2e       0xf4 common/libcommon.a(miiphyutil.o)
 .debug_pubnames
                0x0000000000001e22       0x8b board/ar7240/db12x/libdb12x.a(db12x.o)
 .debug_pubnames
                0x0000000000001ead       0x37 board/ar7240/db12x/libdb12x.a(ar7240_pci.o)
 .debug_pubnames
                0x0000000000001ee4       0x7f cpu/mips/ar7240/libar7240.a(meminit.o)
 .debug_pubnames
                0x0000000000001f63       0xbb cpu/mips/ar7240/libar7240.a(ag934x.o)
 .debug_pubnames
                0x000000000000201e       0xc9 board/ar7240/db12x/libdb12x.a(athrs17_phy.o)

.debug_str      0x0000000000000000     0x3e67
 .debug_str     0x0000000000000000      0x1a8 common/libcommon.a(cmd_boot.o)
                                        0x1fa (size before relaxing)
 .debug_str     0x00000000000001a8      0x245 common/libcommon.a(cmd_bootm.o)
                                        0x45e (size before relaxing)
 .debug_str     0x00000000000003ed      0x12a common/libcommon.a(cmd_flash.o)
                                        0x28d (size before relaxing)
 .debug_str     0x0000000000000517      0x177 common/libcommon.a(cmd_mem.o)
                                        0x2c8 (size before relaxing)
 .debug_str     0x000000000000068e       0x37 common/libcommon.a(cmd_mii.o)
                                        0x19a (size before relaxing)
 .debug_str     0x00000000000006c5      0x131 common/libcommon.a(cmd_net.o)
                                        0x272 (size before relaxing)
 .debug_str     0x00000000000007f6       0xd5 common/libcommon.a(cmd_nvedit.o)
                                        0x327 (size before relaxing)
 .debug_str     0x00000000000008cb       0xc8 common/libcommon.a(command.o)
                                        0x21b (size before relaxing)
 .debug_str     0x0000000000000993      0x248 common/libcommon.a(console.o)
                                        0x460 (size before relaxing)
 .debug_str     0x0000000000000bdb       0x56 common/libcommon.a(devices.o)
                                        0x2d8 (size before relaxing)
 .debug_str     0x0000000000000c31      0x2fa common/libcommon.a(dlmalloc.o)
                                        0x50e (size before relaxing)
 .debug_str     0x0000000000000f2b       0x8c common/libcommon.a(env_common.o)
                                        0x24f (size before relaxing)
 .debug_str     0x0000000000000fb7       0x3b common/libcommon.a(env_nowhere.o)
                                        0x221 (size before relaxing)
 .debug_str     0x0000000000000ff2       0x52 common/libcommon.a(flash.o)
                                        0x18c (size before relaxing)
 .debug_str     0x0000000000001044      0x507 common/libcommon.a(hush.o)
                                        0x7da (size before relaxing)
 .debug_str     0x000000000000154b      0x1d5 common/libcommon.a(lists.o)
                                        0x317 (size before relaxing)
 .debug_str     0x0000000000001720       0xfa common/libcommon.a(main.o)
                                        0x25e (size before relaxing)
 .debug_str     0x000000000000181a      0x12c board/ar7240/db12x/libdb12x.a(ar7240_flash.o)
                                        0x252 (size before relaxing)
 .debug_str     0x0000000000001946        0xf board/ar7240/db12x/libdb12x.a(flash.o)
                                        0x13a (size before relaxing)
 .debug_str     0x0000000000001955       0x60 cpu/mips/libmips.a(cpu.o)
                                        0x169 (size before relaxing)
 .debug_str     0x00000000000019b5       0x32 cpu/mips/libmips.a(interrupts.o)
                                         0xf7 (size before relaxing)
 .debug_str     0x00000000000019e7       0xde cpu/mips/ar7240/libar7240.a(ar7240_serial.o)
                                        0x177 (size before relaxing)
 .debug_str     0x0000000000001ac5      0x208 lib_mips/libmips.a(board.o)
                                        0x430 (size before relaxing)
 .debug_str     0x0000000000001ccd       0x66 lib_mips/libmips.a(time.o)
                                        0x15d (size before relaxing)
 .debug_str     0x0000000000001d33      0x10f lib_mips/libmips.a(mips_linux.o)
                                        0x419 (size before relaxing)
 .debug_str     0x0000000000001e42      0x4a9 drivers/libdrivers.a(pci.o)
                                        0x5af (size before relaxing)
 .debug_str     0x00000000000022eb      0x2f6 httpd/libhttpd.a(httpd.o)
                                        0x3e6 (size before relaxing)
 .debug_str     0x00000000000025e1       0xb6 httpd/libhttpd.a(fs.o)
                                        0x1e1 (size before relaxing)
 .debug_str     0x0000000000002697      0x1ab httpd/libhttpd.a(cgi.o)
                                        0x327 (size before relaxing)
 .debug_str     0x0000000000002842      0x1ab httpd/libhttpd.a(uip.o)
                                        0x34f (size before relaxing)
 .debug_str     0x00000000000029ed       0x50 httpd/libhttpd.a(uip_arch.o)
                                        0x18a (size before relaxing)
 .debug_str     0x0000000000002a3d       0xe4 httpd/libhttpd.a(uip_arp.o)
                                        0x24c (size before relaxing)
 .debug_str     0x0000000000002b21      0x521 net/libnet.a(net.o)
                                        0x82b (size before relaxing)
 .debug_str     0x0000000000003042       0xde net/libnet.a(tftp.o)
                                        0x287 (size before relaxing)
 .debug_str     0x0000000000003120      0x17e net/libnet.a(eth.o)
                                        0x339 (size before relaxing)
 .debug_str     0x000000000000329e       0x75 rtc/librtc.a(date.o)
                                        0x166 (size before relaxing)
 .debug_str     0x0000000000003313       0x60 lib_generic/libgeneric.a(crc32.o)
                                        0x103 (size before relaxing)
 .debug_str     0x0000000000003373        0x8 lib_generic/libgeneric.a(ctype.o)
                                         0x5c (size before relaxing)
 .debug_str     0x000000000000337b       0x2d lib_generic/libgeneric.a(display_options.o)
                                        0x10f (size before relaxing)
 .debug_str     0x00000000000033a8       0xb1 lib_generic/libgeneric.a(string.o)
                                        0x1ca (size before relaxing)
 .debug_str     0x0000000000003459       0x72 lib_generic/libgeneric.a(vsprintf.o)
                                        0x1b7 (size before relaxing)
 .debug_str     0x00000000000034cb      0x110 lib_generic/libgeneric.a(LzmaWrapper.o)
                                        0x247 (size before relaxing)
 .debug_str     0x00000000000035db      0x139 lib_generic/libgeneric.a(LzmaDecode.o)
                                        0x243 (size before relaxing)
 .debug_str     0x0000000000003714       0x1f common/libcommon.a(exports.o)
                                        0x26d (size before relaxing)
 .debug_str     0x0000000000003733      0x117 common/libcommon.a(miiphyutil.o)
                                        0x297 (size before relaxing)
 .debug_str     0x000000000000384a       0xb8 board/ar7240/db12x/libdb12x.a(db12x.o)
                                        0x1bc (size before relaxing)
 .debug_str     0x0000000000003902       0x85 board/ar7240/db12x/libdb12x.a(ar7240_pci.o)
                                        0x2ca (size before relaxing)
 .debug_str     0x0000000000003987       0xc0 cpu/mips/ar7240/libar7240.a(meminit.o)
                                        0x1ad (size before relaxing)
 .debug_str     0x0000000000003a47      0x25a cpu/mips/ar7240/libar7240.a(ag934x.o)
                                        0x4f6 (size before relaxing)
 .debug_str     0x0000000000003ca1      0x1c6 board/ar7240/db12x/libdb12x.a(athrs17_phy.o)
                                        0x2d2 (size before relaxing)

.comment        0x0000000000000000      0x384
 .comment       0x0000000000000000       0x12 common/libcommon.a(cmd_boot.o)
 .comment       0x0000000000000012       0x12 common/libcommon.a(cmd_bootm.o)
 .comment       0x0000000000000024       0x12 common/libcommon.a(cmd_flash.o)
 .comment       0x0000000000000036       0x12 common/libcommon.a(cmd_mem.o)
 .comment       0x0000000000000048       0x12 common/libcommon.a(cmd_mii.o)
 .comment       0x000000000000005a       0x12 common/libcommon.a(cmd_net.o)
 .comment       0x000000000000006c       0x12 common/libcommon.a(cmd_nvedit.o)
 .comment       0x000000000000007e       0x12 common/libcommon.a(command.o)
 .comment       0x0000000000000090       0x12 common/libcommon.a(console.o)
 .comment       0x00000000000000a2       0x12 common/libcommon.a(devices.o)
 .comment       0x00000000000000b4       0x12 common/libcommon.a(dlmalloc.o)
 .comment       0x00000000000000c6       0x12 common/libcommon.a(env_common.o)
 .comment       0x00000000000000d8       0x12 common/libcommon.a(env_nowhere.o)
 .comment       0x00000000000000ea       0x12 common/libcommon.a(flash.o)
 .comment       0x00000000000000fc       0x12 common/libcommon.a(hush.o)
 .comment       0x000000000000010e       0x12 common/libcommon.a(lists.o)
 .comment       0x0000000000000120       0x12 common/libcommon.a(main.o)
 .comment       0x0000000000000132       0x12 board/ar7240/db12x/libdb12x.a(ar7240_flash.o)
 .comment       0x0000000000000144       0x12 board/ar7240/db12x/libdb12x.a(flash.o)
 .comment       0x0000000000000156       0x12 cpu/mips/libmips.a(cpu.o)
 .comment       0x0000000000000168       0x12 cpu/mips/libmips.a(interrupts.o)
 .comment       0x000000000000017a       0x12 cpu/mips/ar7240/libar7240.a(ar7240_serial.o)
 .comment       0x000000000000018c       0x12 lib_mips/libmips.a(board.o)
 .comment       0x000000000000019e       0x12 lib_mips/libmips.a(time.o)
 .comment       0x00000000000001b0       0x12 lib_mips/libmips.a(mips_linux.o)
 .comment       0x00000000000001c2       0x12 drivers/libdrivers.a(pci.o)
 .comment       0x00000000000001d4       0x12 httpd/libhttpd.a(httpd.o)
 .comment       0x00000000000001e6       0x12 httpd/libhttpd.a(fs.o)
 .comment       0x00000000000001f8       0x12 httpd/libhttpd.a(cgi.o)
 .comment       0x000000000000020a       0x12 httpd/libhttpd.a(uip.o)
 .comment       0x000000000000021c       0x12 httpd/libhttpd.a(uip_arch.o)
 .comment       0x000000000000022e       0x12 httpd/libhttpd.a(uip_arp.o)
 .comment       0x0000000000000240       0x12 net/libnet.a(net.o)
 .comment       0x0000000000000252       0x12 net/libnet.a(tftp.o)
 .comment       0x0000000000000264       0x12 net/libnet.a(eth.o)
 .comment       0x0000000000000276       0x12 rtc/librtc.a(date.o)
 .comment       0x0000000000000288       0x12 lib_generic/libgeneric.a(crc32.o)
 .comment       0x000000000000029a       0x12 lib_generic/libgeneric.a(ctype.o)
 .comment       0x00000000000002ac       0x12 lib_generic/libgeneric.a(display_options.o)
 .comment       0x00000000000002be       0x12 lib_generic/libgeneric.a(string.o)
 .comment       0x00000000000002d0       0x12 lib_generic/libgeneric.a(vsprintf.o)
 .comment       0x00000000000002e2       0x12 lib_generic/libgeneric.a(LzmaWrapper.o)
 .comment       0x00000000000002f4       0x12 lib_generic/libgeneric.a(LzmaDecode.o)
 .comment       0x0000000000000306       0x12 common/libcommon.a(exports.o)
 .comment       0x0000000000000318       0x12 common/libcommon.a(miiphyutil.o)
 .comment       0x000000000000032a       0x12 board/ar7240/db12x/libdb12x.a(db12x.o)
 .comment       0x000000000000033c       0x12 board/ar7240/db12x/libdb12x.a(ar7240_pci.o)
 .comment       0x000000000000034e       0x12 cpu/mips/ar7240/libar7240.a(meminit.o)
 .comment       0x0000000000000360       0x12 cpu/mips/ar7240/libar7240.a(ag934x.o)
 .comment       0x0000000000000372       0x12 board/ar7240/db12x/libdb12x.a(athrs17_phy.o)

.gnu.attributes
                0x0000000000000000       0x10
 .gnu.attributes
                0x0000000000000000       0x10 common/libcommon.a(cmd_boot.o)
 .gnu.attributes
                0x0000000000000010       0x10 common/libcommon.a(cmd_bootm.o)
 .gnu.attributes
                0x0000000000000020       0x10 common/libcommon.a(cmd_flash.o)
 .gnu.attributes
                0x0000000000000030       0x10 common/libcommon.a(cmd_mem.o)
 .gnu.attributes
                0x0000000000000040       0x10 common/libcommon.a(cmd_mii.o)
 .gnu.attributes
                0x0000000000000050       0x10 common/libcommon.a(cmd_net.o)
 .gnu.attributes
                0x0000000000000060       0x10 common/libcommon.a(cmd_nvedit.o)
 .gnu.attributes
                0x0000000000000070       0x10 common/libcommon.a(command.o)
 .gnu.attributes
                0x0000000000000080       0x10 common/libcommon.a(console.o)
 .gnu.attributes
                0x0000000000000090       0x10 common/libcommon.a(devices.o)
 .gnu.attributes
                0x00000000000000a0       0x10 common/libcommon.a(dlmalloc.o)
 .gnu.attributes
                0x00000000000000b0       0x10 common/libcommon.a(env_common.o)
 .gnu.attributes
                0x00000000000000c0       0x10 common/libcommon.a(env_nowhere.o)
 .gnu.attributes
                0x00000000000000d0       0x10 common/libcommon.a(flash.o)
 .gnu.attributes
                0x00000000000000e0       0x10 common/libcommon.a(hush.o)
 .gnu.attributes
                0x00000000000000f0       0x10 common/libcommon.a(lists.o)
 .gnu.attributes
                0x0000000000000100       0x10 common/libcommon.a(main.o)
 .gnu.attributes
                0x0000000000000110       0x10 board/ar7240/db12x/libdb12x.a(ar7240_flash.o)
 .gnu.attributes
                0x0000000000000120       0x10 board/ar7240/db12x/libdb12x.a(flash.o)
 .gnu.attributes
                0x0000000000000130       0x10 cpu/mips/libmips.a(cpu.o)
 .gnu.attributes
                0x0000000000000140       0x10 cpu/mips/libmips.a(interrupts.o)
 .gnu.attributes
                0x0000000000000150       0x10 cpu/mips/ar7240/libar7240.a(ar7240_serial.o)
 .gnu.attributes
                0x0000000000000160       0x10 lib_mips/libmips.a(board.o)
 .gnu.attributes
                0x0000000000000170       0x10 lib_mips/libmips.a(time.o)
 .gnu.attributes
                0x0000000000000180       0x10 lib_mips/libmips.a(mips_linux.o)
 .gnu.attributes
                0x0000000000000190       0x10 drivers/libdrivers.a(pci.o)
 .gnu.attributes
                0x00000000000001a0       0x10 httpd/libhttpd.a(httpd.o)
 .gnu.attributes
                0x00000000000001b0       0x10 httpd/libhttpd.a(fs.o)
 .gnu.attributes
                0x00000000000001c0       0x10 httpd/libhttpd.a(cgi.o)
 .gnu.attributes
                0x00000000000001d0       0x10 httpd/libhttpd.a(uip.o)
 .gnu.attributes
                0x00000000000001e0       0x10 httpd/libhttpd.a(uip_arch.o)
 .gnu.attributes
                0x00000000000001f0       0x10 httpd/libhttpd.a(uip_arp.o)
 .gnu.attributes
                0x0000000000000200       0x10 net/libnet.a(net.o)
 .gnu.attributes
                0x0000000000000210       0x10 net/libnet.a(tftp.o)
 .gnu.attributes
                0x0000000000000220       0x10 net/libnet.a(eth.o)
 .gnu.attributes
                0x0000000000000230       0x10 rtc/librtc.a(date.o)
 .gnu.attributes
                0x0000000000000240       0x10 lib_generic/libgeneric.a(crc32.o)
 .gnu.attributes
                0x0000000000000250       0x10 lib_generic/libgeneric.a(ctype.o)
 .gnu.attributes
                0x0000000000000260       0x10 lib_generic/libgeneric.a(display_options.o)
 .gnu.attributes
                0x0000000000000270       0x10 lib_generic/libgeneric.a(string.o)
 .gnu.attributes
                0x0000000000000280       0x10 lib_generic/libgeneric.a(vsprintf.o)
 .gnu.attributes
                0x0000000000000290       0x10 lib_generic/libgeneric.a(LzmaWrapper.o)
 .gnu.attributes
                0x00000000000002a0       0x10 lib_generic/libgeneric.a(LzmaDecode.o)
 .gnu.attributes
                0x00000000000002b0       0x10 common/libcommon.a(exports.o)
 .gnu.attributes
                0x00000000000002c0       0x10 common/libcommon.a(miiphyutil.o)
 .gnu.attributes
                0x00000000000002d0       0x10 board/ar7240/db12x/libdb12x.a(db12x.o)
 .gnu.attributes
                0x00000000000002e0       0x10 board/ar7240/db12x/libdb12x.a(ar7240_pci.o)
 .gnu.attributes
                0x00000000000002f0       0x10 cpu/mips/ar7240/libar7240.a(meminit.o)
 .gnu.attributes
                0x0000000000000300       0x10 cpu/mips/ar7240/libar7240.a(ag934x.o)
 .gnu.attributes
                0x0000000000000310       0x10 board/ar7240/db12x/libdb12x.a(athrs17_phy.o)

.debug_frame    0x0000000000000000     0x239c
 .debug_frame   0x0000000000000000       0x8c common/libcommon.a(cmd_bootm.o)
 .debug_frame   0x000000000000008c       0x4c common/libcommon.a(cmd_flash.o)
 .debug_frame   0x00000000000000d8      0x114 common/libcommon.a(cmd_mem.o)
 .debug_frame   0x00000000000001ec       0x30 common/libcommon.a(cmd_mii.o)
 .debug_frame   0x000000000000021c       0x4c common/libcommon.a(cmd_net.o)
 .debug_frame   0x0000000000000268      0x100 common/libcommon.a(cmd_nvedit.o)
 .debug_frame   0x0000000000000368       0x74 common/libcommon.a(command.o)
 .debug_frame   0x00000000000003dc      0x1c4 common/libcommon.a(console.o)
 .debug_frame   0x00000000000005a0       0x58 common/libcommon.a(devices.o)
 .debug_frame   0x00000000000005f8      0x124 common/libcommon.a(dlmalloc.o)
 .debug_frame   0x000000000000071c       0x70 common/libcommon.a(env_common.o)
 .debug_frame   0x000000000000078c       0x40 common/libcommon.a(env_nowhere.o)
 .debug_frame   0x00000000000007cc       0x7c common/libcommon.a(flash.o)
 .debug_frame   0x0000000000000848      0x2bc common/libcommon.a(hush.o)
 .debug_frame   0x0000000000000b04      0x12c common/libcommon.a(lists.o)
 .debug_frame   0x0000000000000c30       0xc8 common/libcommon.a(main.o)
 .debug_frame   0x0000000000000cf8       0xc8 board/ar7240/db12x/libdb12x.a(ar7240_flash.o)